Component: ARM Compiler 5.06 update 6 (build 750) Tool: armlink [4d35ed]

==============================================================================

Section Cross References

    system_hc32f460.o(i.SystemCoreClockUpdate) refers to system_hc32f460.o(.data) for HRC_VALUE
    system_hc32f460.o(i.SystemInit) refers to system_hc32f460.o(i.SystemCoreClockUpdate) for SystemCoreClockUpdate
    startup_hc32f460jeta.o(STACK) refers (Special) to heapauxi.o(.text) for __use_two_region_memory
    startup_hc32f460jeta.o(HEAP) refers (Special) to heapauxi.o(.text) for __use_two_region_memory
    startup_hc32f460jeta.o(RESET) refers (Special) to heapauxi.o(.text) for __use_two_region_memory
    startup_hc32f460jeta.o(RESET) refers to startup_hc32f460jeta.o(STACK) for __initial_sp
    startup_hc32f460jeta.o(RESET) refers to startup_hc32f460jeta.o(.text) for Reset_Handler
    startup_hc32f460jeta.o(.text) refers (Special) to heapauxi.o(.text) for __use_two_region_memory
    startup_hc32f460jeta.o(.text) refers to system_hc32f460.o(i.SystemInit) for SystemInit
    startup_hc32f460jeta.o(.text) refers to __main.o(!!!main) for __main
    startup_hc32f460jeta.o(.text) refers to startup_hc32f460jeta.o(HEAP) for Heap_Mem
    startup_hc32f460jeta.o(.text) refers to startup_hc32f460jeta.o(STACK) for Stack_Mem
    hc32f460_utility.o(i.Ddl_Delay1ms) refers to system_hc32f460.o(.data) for SystemCoreClock
    hc32f460_utility.o(i.Ddl_Delay1us) refers to system_hc32f460.o(.data) for SystemCoreClock
    hc32f460_utility.o(i.SysTick_Delay) refers to hc32f460_utility.o(i.SysTick_GetTick) for SysTick_GetTick
    hc32f460_utility.o(i.SysTick_Delay) refers to hc32f460_utility.o(.data) for m_u32TickStep
    hc32f460_utility.o(i.SysTick_GetTick) refers to hc32f460_utility.o(.data) for m_u32TickCount
    hc32f460_utility.o(i.SysTick_IncTick) refers to hc32f460_utility.o(.data) for m_u32TickCount
    hc32f460_utility.o(i.SysTick_Init) refers to hc32f460_utility.o(.data) for m_u32TickStep
    hc32f460_utility.o(i.SysTick_Init) refers to system_hc32f460.o(.data) for SystemCoreClock
    __main.o(!!!main) refers to __rtentry.o(.ARM.Collect$$rtentry$$00000000) for __rt_entry
    __rtentry.o(.ARM.Collect$$rtentry$$00000000) refers (Special) to __rtentry2.o(.ARM.Collect$$rtentry$$0000000A) for __rt_entry_li
    __rtentry.o(.ARM.Collect$$rtentry$$00000000) refers (Special) to __rtentry2.o(.ARM.Collect$$rtentry$$0000000D) for __rt_entry_main
    __rtentry.o(.ARM.Collect$$rtentry$$00000000) refers (Special) to __rtentry2.o(.ARM.Collect$$rtentry$$0000000C) for __rt_entry_postli_1
    __rtentry.o(.ARM.Collect$$rtentry$$00000000) refers (Special) to __rtentry2.o(.ARM.Collect$$rtentry$$00000009) for __rt_entry_postsh_1
    __rtentry.o(.ARM.Collect$$rtentry$$00000000) refers (Special) to __rtentry2.o(.ARM.Collect$$rtentry$$00000002) for __rt_entry_presh_1
    __rtentry.o(.ARM.Collect$$rtentry$$00000000) refers (Special) to __rtentry4.o(.ARM.Collect$$rtentry$$00000004) for __rt_entry_sh
    __rtentry2.o(.ARM.Collect$$rtentry$$00000008) refers to boardinit2.o(.text) for _platform_post_stackheap_init
    __rtentry2.o(.ARM.Collect$$rtentry$$0000000A) refers to libinit.o(.ARM.Collect$$libinit$$00000000) for __rt_lib_init
    __rtentry2.o(.ARM.Collect$$rtentry$$0000000B) refers to boardinit3.o(.text) for _platform_post_lib_init
    __rtentry2.o(.ARM.Collect$$rtentry$$0000000D) refers to main.o(i.main) for main
    __rtentry2.o(.ARM.Collect$$rtentry$$0000000D) refers to exit.o(.text) for exit
    __rtentry2.o(.ARM.exidx) refers to __rtentry2.o(.ARM.Collect$$rtentry$$00000001) for .ARM.Collect$$rtentry$$00000001
    __rtentry2.o(.ARM.exidx) refers to __rtentry2.o(.ARM.Collect$$rtentry$$00000008) for .ARM.Collect$$rtentry$$00000008
    __rtentry2.o(.ARM.exidx) refers to __rtentry2.o(.ARM.Collect$$rtentry$$0000000A) for .ARM.Collect$$rtentry$$0000000A
    __rtentry2.o(.ARM.exidx) refers to __rtentry2.o(.ARM.Collect$$rtentry$$0000000B) for .ARM.Collect$$rtentry$$0000000B
    __rtentry2.o(.ARM.exidx) refers to __rtentry2.o(.ARM.Collect$$rtentry$$0000000D) for .ARM.Collect$$rtentry$$0000000D
    __rtentry4.o(.ARM.Collect$$rtentry$$00000004) refers to sys_stackheap_outer.o(.text) for __user_setup_stackheap
    __rtentry4.o(.ARM.exidx) refers to __rtentry4.o(.ARM.Collect$$rtentry$$00000004) for .ARM.Collect$$rtentry$$00000004
    sys_stackheap_outer.o(.text) refers to libspace.o(.text) for __user_perproc_libspace
    sys_stackheap_outer.o(.text) refers to startup_hc32f460jeta.o(.text) for __user_initial_stackheap
    exit.o(.text) refers to rtexit.o(.ARM.Collect$$rtexit$$00000000) for __rt_exit
    libinit.o(.ARM.Collect$$libinit$$00000000) refers (Special) to libinit2.o(.ARM.Collect$$libinit$$0000002E) for __rt_lib_init_alloca_1
    libinit.o(.ARM.Collect$$libinit$$00000000) refers (Special) to libinit2.o(.ARM.Collect$$libinit$$0000002C) for __rt_lib_init_argv_1
    libinit.o(.ARM.Collect$$libinit$$00000000) refers (Special) to libinit2.o(.ARM.Collect$$libinit$$0000001B) for __rt_lib_init_atexit_1
    libinit.o(.ARM.Collect$$libinit$$00000000) refers (Special) to libinit2.o(.ARM.Collect$$libinit$$00000021) for __rt_lib_init_clock_1
    libinit.o(.ARM.Collect$$libinit$$00000000) refers (Special) to libinit2.o(.ARM.Collect$$libinit$$00000032) for __rt_lib_init_cpp_1
    libinit.o(.ARM.Collect$$libinit$$00000000) refers (Special) to libinit2.o(.ARM.Collect$$libinit$$00000030) for __rt_lib_init_exceptions_1
    libinit.o(.ARM.Collect$$libinit$$00000000) refers (Special) to libinit2.o(.ARM.Collect$$libinit$$00000001) for __rt_lib_init_fp_1
    libinit.o(.ARM.Collect$$libinit$$00000000) refers (Special) to libinit2.o(.ARM.Collect$$libinit$$0000001F) for __rt_lib_init_fp_trap_1
    libinit.o(.ARM.Collect$$libinit$$00000000) refers (Special) to libinit2.o(.ARM.Collect$$libinit$$00000023) for __rt_lib_init_getenv_1
    libinit.o(.ARM.Collect$$libinit$$00000000) refers (Special) to libinit2.o(.ARM.Collect$$libinit$$0000000A) for __rt_lib_init_heap_1
    libinit.o(.ARM.Collect$$libinit$$00000000) refers (Special) to libinit2.o(.ARM.Collect$$libinit$$00000011) for __rt_lib_init_lc_collate_1
    libinit.o(.ARM.Collect$$libinit$$00000000) refers (Special) to libinit2.o(.ARM.Collect$$libinit$$00000013) for __rt_lib_init_lc_ctype_1
    libinit.o(.ARM.Collect$$libinit$$00000000) refers (Special) to libinit2.o(.ARM.Collect$$libinit$$00000015) for __rt_lib_init_lc_monetary_1
    libinit.o(.ARM.Collect$$libinit$$00000000) refers (Special) to libinit2.o(.ARM.Collect$$libinit$$00000017) for __rt_lib_init_lc_numeric_1
    libinit.o(.ARM.Collect$$libinit$$00000000) refers (Special) to libinit2.o(.ARM.Collect$$libinit$$00000019) for __rt_lib_init_lc_time_1
    libinit.o(.ARM.Collect$$libinit$$00000000) refers (Special) to libinit2.o(.ARM.Collect$$libinit$$00000004) for __rt_lib_init_preinit_1
    libinit.o(.ARM.Collect$$libinit$$00000000) refers (Special) to libinit2.o(.ARM.Collect$$libinit$$0000000E) for __rt_lib_init_rand_1
    libinit.o(.ARM.Collect$$libinit$$00000000) refers (Special) to libinit2.o(.ARM.Collect$$libinit$$00000033) for __rt_lib_init_return
    libinit.o(.ARM.Collect$$libinit$$00000000) refers (Special) to libinit2.o(.ARM.Collect$$libinit$$0000001D) for __rt_lib_init_signal_1
    libinit.o(.ARM.Collect$$libinit$$00000000) refers (Special) to libinit2.o(.ARM.Collect$$libinit$$00000025) for __rt_lib_init_stdio_1
    libinit.o(.ARM.Collect$$libinit$$00000000) refers (Special) to libinit2.o(.ARM.Collect$$libinit$$0000000C) for __rt_lib_init_user_alloc_1
    libspace.o(.text) refers to libspace.o(.bss) for __libspace_start
    rtexit.o(.ARM.Collect$$rtexit$$00000000) refers (Special) to rtexit2.o(.ARM.Collect$$rtexit$$00000004) for __rt_exit_exit
    rtexit.o(.ARM.Collect$$rtexit$$00000000) refers (Special) to rtexit2.o(.ARM.Collect$$rtexit$$00000003) for __rt_exit_ls
    rtexit.o(.ARM.Collect$$rtexit$$00000000) refers (Special) to rtexit2.o(.ARM.Collect$$rtexit$$00000002) for __rt_exit_prels_1
    rtexit.o(.ARM.exidx) refers (Special) to rtexit2.o(.ARM.Collect$$rtexit$$00000004) for __rt_exit_exit
    rtexit.o(.ARM.exidx) refers (Special) to rtexit2.o(.ARM.Collect$$rtexit$$00000003) for __rt_exit_ls
    rtexit.o(.ARM.exidx) refers (Special) to rtexit2.o(.ARM.Collect$$rtexit$$00000002) for __rt_exit_prels_1
    rtexit.o(.ARM.exidx) refers to rtexit.o(.ARM.Collect$$rtexit$$00000000) for .ARM.Collect$$rtexit$$00000000
    libinit2.o(.ARM.Collect$$libinit$$00000001) refers to fpinit.o(x$fpl$fpinit) for _fp_init
    libinit2.o(.ARM.Collect$$libinit$$00000010) refers to libinit2.o(.ARM.Collect$$libinit$$0000000F) for .ARM.Collect$$libinit$$0000000F
    libinit2.o(.ARM.Collect$$libinit$$00000012) refers to libinit2.o(.ARM.Collect$$libinit$$0000000F) for .ARM.Collect$$libinit$$0000000F
    libinit2.o(.ARM.Collect$$libinit$$00000014) refers to libinit2.o(.ARM.Collect$$libinit$$0000000F) for .ARM.Collect$$libinit$$0000000F
    libinit2.o(.ARM.Collect$$libinit$$00000016) refers to libinit2.o(.ARM.Collect$$libinit$$0000000F) for .ARM.Collect$$libinit$$0000000F
    libinit2.o(.ARM.Collect$$libinit$$00000018) refers to libinit2.o(.ARM.Collect$$libinit$$0000000F) for .ARM.Collect$$libinit$$0000000F
    libinit2.o(.ARM.Collect$$libinit$$00000026) refers to argv_veneer.o(.emb_text) for __ARM_argv_veneer
    libinit2.o(.ARM.Collect$$libinit$$00000027) refers to argv_veneer.o(.emb_text) for __ARM_argv_veneer
    rtexit2.o(.ARM.Collect$$rtexit$$00000003) refers to libshutdown.o(.ARM.Collect$$libshutdown$$00000000) for __rt_lib_shutdown
    rtexit2.o(.ARM.Collect$$rtexit$$00000004) refers to sys_exit.o(.text) for _sys_exit
    rtexit2.o(.ARM.exidx) refers to rtexit2.o(.ARM.Collect$$rtexit$$00000001) for .ARM.Collect$$rtexit$$00000001
    rtexit2.o(.ARM.exidx) refers to rtexit2.o(.ARM.Collect$$rtexit$$00000003) for .ARM.Collect$$rtexit$$00000003
    rtexit2.o(.ARM.exidx) refers to rtexit2.o(.ARM.Collect$$rtexit$$00000004) for .ARM.Collect$$rtexit$$00000004
    argv_veneer.o(.emb_text) refers to no_argv.o(.text) for __ARM_get_argv
    sys_exit.o(.text) refers (Special) to use_no_semi.o(.text) for __I$use$semihosting
    sys_exit.o(.text) refers (Special) to indicate_semi.o(.text) for __semihosting_library_function
    _get_argv_nomalloc.o(.text) refers (Special) to hrguard.o(.text) for __heap_region$guard
    _get_argv_nomalloc.o(.text) refers to defsig_rtmem_outer.o(.text) for __rt_SIGRTMEM
    _get_argv_nomalloc.o(.text) refers to sys_command.o(.text) for _sys_command_string
    libshutdown.o(.ARM.Collect$$libshutdown$$00000000) refers (Special) to libshutdown2.o(.ARM.Collect$$libshutdown$$00000002) for __rt_lib_shutdown_cpp_1
    libshutdown.o(.ARM.Collect$$libshutdown$$00000000) refers (Special) to libshutdown2.o(.ARM.Collect$$libshutdown$$00000007) for __rt_lib_shutdown_fp_trap_1
    libshutdown.o(.ARM.Collect$$libshutdown$$00000000) refers (Special) to libshutdown2.o(.ARM.Collect$$libshutdown$$0000000F) for __rt_lib_shutdown_heap_1
    libshutdown.o(.ARM.Collect$$libshutdown$$00000000) refers (Special) to libshutdown2.o(.ARM.Collect$$libshutdown$$00000010) for __rt_lib_shutdown_return
    libshutdown.o(.ARM.Collect$$libshutdown$$00000000) refers (Special) to libshutdown2.o(.ARM.Collect$$libshutdown$$0000000A) for __rt_lib_shutdown_signal_1
    libshutdown.o(.ARM.Collect$$libshutdown$$00000000) refers (Special) to libshutdown2.o(.ARM.Collect$$libshutdown$$00000004) for __rt_lib_shutdown_stdio_1
    libshutdown.o(.ARM.Collect$$libshutdown$$00000000) refers (Special) to libshutdown2.o(.ARM.Collect$$libshutdown$$0000000C) for __rt_lib_shutdown_user_alloc_1
    sys_command.o(.text) refers (Special) to use_no_semi.o(.text) for __I$use$semihosting
    sys_command.o(.text) refers (Special) to indicate_semi.o(.text) for __semihosting_library_function
    defsig_rtmem_outer.o(.text) refers to defsig_rtmem_inner.o(.text) for __rt_SIGRTMEM_inner
    defsig_rtmem_outer.o(.text) refers to defsig_exit.o(.text) for __sig_exit
    defsig_rtmem_formal.o(.text) refers to rt_raise.o(.text) for __rt_raise
    rt_raise.o(.text) refers to __raise.o(.text) for __raise
    rt_raise.o(.text) refers to sys_exit.o(.text) for _sys_exit
    defsig_exit.o(.text) refers to sys_exit.o(.text) for _sys_exit
    defsig_rtmem_inner.o(.text) refers to defsig_general.o(.text) for __default_signal_display
    __raise.o(.text) refers to defsig.o(CL$$defsig) for __default_signal_handler
    defsig_general.o(.text) refers to sys_wrch.o(.text) for _ttywrch
    sys_wrch.o(.text) refers (Special) to use_no_semi.o(.text) for __I$use$semihosting
    sys_wrch.o(.text) refers (Special) to indicate_semi.o(.text) for __semihosting_library_function
    defsig.o(CL$$defsig) refers to defsig_rtmem_inner.o(.text) for __rt_SIGRTMEM_inner
    defsig_abrt_inner.o(.text) refers to defsig_general.o(.text) for __default_signal_display
    defsig_fpe_inner.o(.text) refers to defsig_general.o(.text) for __default_signal_display
    defsig_rtred_inner.o(.text) refers to defsig_general.o(.text) for __default_signal_display
    defsig_stak_inner.o(.text) refers to defsig_general.o(.text) for __default_signal_display
    defsig_pvfn_inner.o(.text) refers to defsig_general.o(.text) for __default_signal_display
    defsig_cppl_inner.o(.text) refers to defsig_general.o(.text) for __default_signal_display
    defsig_segv_inner.o(.text) refers to defsig_general.o(.text) for __default_signal_display
    defsig_other.o(.text) refers to defsig_general.o(.text) for __default_signal_display


==============================================================================

Removing Unused input sections from the image.

    Removing system_hc32f460.o(.rev16_text), (4 bytes).
    Removing system_hc32f460.o(.revsh_text), (4 bytes).
    Removing system_hc32f460.o(.rrx_text), (6 bytes).
    Removing hc32f460_gpio.o(.rev16_text), (4 bytes).
    Removing hc32f460_gpio.o(.revsh_text), (4 bytes).
    Removing hc32f460_gpio.o(.rrx_text), (6 bytes).
    Removing hc32f460_interrupts.o(.rev16_text), (4 bytes).
    Removing hc32f460_interrupts.o(.revsh_text), (4 bytes).
    Removing hc32f460_interrupts.o(.rrx_text), (6 bytes).
    Removing hc32f460_utility.o(.rev16_text), (4 bytes).
    Removing hc32f460_utility.o(.revsh_text), (4 bytes).
    Removing hc32f460_utility.o(.rrx_text), (6 bytes).
    Removing hc32f460_utility.o(i.Ddl_Delay1ms), (44 bytes).
    Removing hc32f460_utility.o(i.Ddl_Delay1us), (68 bytes).
    Removing hc32f460_utility.o(i.SysTick_Delay), (76 bytes).
    Removing hc32f460_utility.o(i.SysTick_GetTick), (12 bytes).
    Removing hc32f460_utility.o(i.SysTick_IncTick), (24 bytes).
    Removing hc32f460_utility.o(i.SysTick_Init), (128 bytes).
    Removing hc32f460_utility.o(i.SysTick_Resume), (18 bytes).
    Removing hc32f460_utility.o(i.SysTick_Suspend), (18 bytes).
    Removing hc32f460_utility.o(.data), (8 bytes).
    Removing hc32f460_crc.o(.rev16_text), (4 bytes).
    Removing hc32f460_crc.o(.revsh_text), (4 bytes).
    Removing hc32f460_crc.o(.rrx_text), (6 bytes).
    Removing hc32f460_i2c.o(.rev16_text), (4 bytes).
    Removing hc32f460_i2c.o(.revsh_text), (4 bytes).
    Removing hc32f460_i2c.o(.rrx_text), (6 bytes).
    Removing hc32f460_rtc.o(.rev16_text), (4 bytes).
    Removing hc32f460_rtc.o(.revsh_text), (4 bytes).
    Removing hc32f460_rtc.o(.rrx_text), (6 bytes).
    Removing hc32f460_spi.o(.rev16_text), (4 bytes).
    Removing hc32f460_spi.o(.revsh_text), (4 bytes).
    Removing hc32f460_spi.o(.rrx_text), (6 bytes).
    Removing hc32f460_usart.o(.rev16_text), (4 bytes).
    Removing hc32f460_usart.o(.revsh_text), (4 bytes).
    Removing hc32f460_usart.o(.rrx_text), (6 bytes).
    Removing main.o(.rev16_text), (4 bytes).
    Removing main.o(.revsh_text), (4 bytes).
    Removing main.o(.rrx_text), (6 bytes).

39 unused section(s) (total 536 bytes) removed from the image.

==============================================================================

Image Symbol Table

    Local Symbols

    Symbol Name                              Value     Ov Type        Size  Object(Section)

    RESET                                    0x00000000   Section      640  startup_hc32f460jeta.o(RESET)
    ../clib/angel/boardlib.s                 0x00000000   Number         0  boardinit3.o ABSOLUTE
    ../clib/angel/boardlib.s                 0x00000000   Number         0  boardinit2.o ABSOLUTE
    ../clib/angel/boardlib.s                 0x00000000   Number         0  boardinit1.o ABSOLUTE
    ../clib/angel/boardlib.s                 0x00000000   Number         0  boardshut.o ABSOLUTE
    ../clib/angel/handlers.s                 0x00000000   Number         0  __scatter_zi.o ABSOLUTE
    ../clib/angel/handlers.s                 0x00000000   Number         0  __scatter_copy.o ABSOLUTE
    ../clib/angel/kernel.s                   0x00000000   Number         0  rtexit.o ABSOLUTE
    ../clib/angel/kernel.s                   0x00000000   Number         0  __rtentry4.o ABSOLUTE
    ../clib/angel/kernel.s                   0x00000000   Number         0  __rtentry2.o ABSOLUTE
    ../clib/angel/kernel.s                   0x00000000   Number         0  __rtentry.o ABSOLUTE
    ../clib/angel/kernel.s                   0x00000000   Number         0  rtexit2.o ABSOLUTE
    ../clib/angel/rt.s                       0x00000000   Number         0  rt_raise.o ABSOLUTE
    ../clib/angel/scatter.s                  0x00000000   Number         0  __scatter.o ABSOLUTE
    ../clib/angel/startup.s                  0x00000000   Number         0  __main.o ABSOLUTE
    ../clib/angel/sys.s                      0x00000000   Number         0  use_no_semi.o ABSOLUTE
    ../clib/angel/sys.s                      0x00000000   Number         0  libspace.o ABSOLUTE
    ../clib/angel/sys.s                      0x00000000   Number         0  indicate_semi.o ABSOLUTE
    ../clib/angel/sys.s                      0x00000000   Number         0  sys_stackheap_outer.o ABSOLUTE
    ../clib/angel/sysapp.c                   0x00000000   Number         0  sys_exit.o ABSOLUTE
    ../clib/angel/sysapp.c                   0x00000000   Number         0  sys_command.o ABSOLUTE
    ../clib/angel/sysapp.c                   0x00000000   Number         0  sys_wrch.o ABSOLUTE
    ../clib/armsys.c                         0x00000000   Number         0  argv_veneer.o ABSOLUTE
    ../clib/armsys.c                         0x00000000   Number         0  _get_argv_nomalloc.o ABSOLUTE
    ../clib/armsys.c                         0x00000000   Number         0  no_argv.o ABSOLUTE
    ../clib/armsys.c                         0x00000000   Number         0  argv_veneer.o ABSOLUTE
    ../clib/heapalloc.c                      0x00000000   Number         0  hrguard.o ABSOLUTE
    ../clib/heapaux.c                        0x00000000   Number         0  heapauxi.o ABSOLUTE
    ../clib/libinit.s                        0x00000000   Number         0  libinit2.o ABSOLUTE
    ../clib/libinit.s                        0x00000000   Number         0  libshutdown.o ABSOLUTE
    ../clib/libinit.s                        0x00000000   Number         0  libinit.o ABSOLUTE
    ../clib/libinit.s                        0x00000000   Number         0  libshutdown2.o ABSOLUTE
    ../clib/signal.c                         0x00000000   Number         0  defsig_fpe_inner.o ABSOLUTE
    ../clib/signal.c                         0x00000000   Number         0  defsig_pvfn_inner.o ABSOLUTE
    ../clib/signal.c                         0x00000000   Number         0  defsig_other.o ABSOLUTE
    ../clib/signal.c                         0x00000000   Number         0  defsig_segv_inner.o ABSOLUTE
    ../clib/signal.c                         0x00000000   Number         0  defsig_cppl_inner.o ABSOLUTE
    ../clib/signal.c                         0x00000000   Number         0  defsig_rtmem_inner.o ABSOLUTE
    ../clib/signal.c                         0x00000000   Number         0  defsig_stak_inner.o ABSOLUTE
    ../clib/signal.c                         0x00000000   Number         0  defsig_rtred_inner.o ABSOLUTE
    ../clib/signal.c                         0x00000000   Number         0  defsig_abrt_inner.o ABSOLUTE
    ../clib/signal.c                         0x00000000   Number         0  __raise.o ABSOLUTE
    ../clib/signal.c                         0x00000000   Number         0  defsig_exit.o ABSOLUTE
    ../clib/signal.c                         0x00000000   Number         0  defsig_general.o ABSOLUTE
    ../clib/signal.c                         0x00000000   Number         0  defsig_rtmem_formal.o ABSOLUTE
    ../clib/signal.c                         0x00000000   Number         0  defsig_rtmem_outer.o ABSOLUTE
    ../clib/signal.s                         0x00000000   Number         0  defsig.o ABSOLUTE
    ../clib/stdlib.c                         0x00000000   Number         0  exit.o ABSOLUTE
    ../fplib/fpinit.s                        0x00000000   Number         0  fpinit.o ABSOLUTE
    CMSIS\\system_hc32f460.c                 0x00000000   Number         0  system_hc32f460.o ABSOLUTE
    CMSIS\startup_hc32f460jeta.s             0x00000000   Number         0  startup_hc32f460jeta.o ABSOLUTE
    CMSIS\system_hc32f460.c                  0x00000000   Number         0  system_hc32f460.o ABSOLUTE
    Lib\\src\\hc32f460_crc.c                 0x00000000   Number         0  hc32f460_crc.o ABSOLUTE
    Lib\\src\\hc32f460_gpio.c                0x00000000   Number         0  hc32f460_gpio.o ABSOLUTE
    Lib\\src\\hc32f460_i2c.c                 0x00000000   Number         0  hc32f460_i2c.o ABSOLUTE
    Lib\\src\\hc32f460_interrupts.c          0x00000000   Number         0  hc32f460_interrupts.o ABSOLUTE
    Lib\\src\\hc32f460_rtc.c                 0x00000000   Number         0  hc32f460_rtc.o ABSOLUTE
    Lib\\src\\hc32f460_spi.c                 0x00000000   Number         0  hc32f460_spi.o ABSOLUTE
    Lib\\src\\hc32f460_usart.c               0x00000000   Number         0  hc32f460_usart.o ABSOLUTE
    Lib\\src\\hc32f460_utility.c             0x00000000   Number         0  hc32f460_utility.o ABSOLUTE
    Lib\src\hc32f460_crc.c                   0x00000000   Number         0  hc32f460_crc.o ABSOLUTE
    Lib\src\hc32f460_gpio.c                  0x00000000   Number         0  hc32f460_gpio.o ABSOLUTE
    Lib\src\hc32f460_i2c.c                   0x00000000   Number         0  hc32f460_i2c.o ABSOLUTE
    Lib\src\hc32f460_interrupts.c            0x00000000   Number         0  hc32f460_interrupts.o ABSOLUTE
    Lib\src\hc32f460_rtc.c                   0x00000000   Number         0  hc32f460_rtc.o ABSOLUTE
    Lib\src\hc32f460_spi.c                   0x00000000   Number         0  hc32f460_spi.o ABSOLUTE
    Lib\src\hc32f460_usart.c                 0x00000000   Number         0  hc32f460_usart.o ABSOLUTE
    Lib\src\hc32f460_utility.c               0x00000000   Number         0  hc32f460_utility.o ABSOLUTE
    User\\main.c                             0x00000000   Number         0  main.o ABSOLUTE
    User\main.c                              0x00000000   Number         0  main.o ABSOLUTE
    dc.s                                     0x00000000   Number         0  dc.o ABSOLUTE
    !!!main                                  0x00000280   Section        8  __main.o(!!!main)
    !!!scatter                               0x00000288   Section       52  __scatter.o(!!!scatter)
    !!handler_copy                           0x000002bc   Section       26  __scatter_copy.o(!!handler_copy)
    !!handler_zi                             0x000002d8   Section       28  __scatter_zi.o(!!handler_zi)
    .ARM.Collect$$libinit$$00000000          0x000002f4   Section        2  libinit.o(.ARM.Collect$$libinit$$00000000)
    .ARM.Collect$$libinit$$00000001          0x000002f6   Section        4  libinit2.o(.ARM.Collect$$libinit$$00000001)
    .ARM.Collect$$libinit$$00000004          0x000002fa   Section        0  libinit2.o(.ARM.Collect$$libinit$$00000004)
    .ARM.Collect$$libinit$$0000000A          0x000002fa   Section        0  libinit2.o(.ARM.Collect$$libinit$$0000000A)
    .ARM.Collect$$libinit$$0000000C          0x000002fa   Section        0  libinit2.o(.ARM.Collect$$libinit$$0000000C)
    .ARM.Collect$$libinit$$0000000E          0x000002fa   Section        0  libinit2.o(.ARM.Collect$$libinit$$0000000E)
    .ARM.Collect$$libinit$$00000011          0x000002fa   Section        0  libinit2.o(.ARM.Collect$$libinit$$00000011)
    .ARM.Collect$$libinit$$00000013          0x000002fa   Section        0  libinit2.o(.ARM.Collect$$libinit$$00000013)
    .ARM.Collect$$libinit$$00000015          0x000002fa   Section        0  libinit2.o(.ARM.Collect$$libinit$$00000015)
    .ARM.Collect$$libinit$$00000017          0x000002fa   Section        0  libinit2.o(.ARM.Collect$$libinit$$00000017)
    .ARM.Collect$$libinit$$00000019          0x000002fa   Section        0  libinit2.o(.ARM.Collect$$libinit$$00000019)
    .ARM.Collect$$libinit$$0000001B          0x000002fa   Section        0  libinit2.o(.ARM.Collect$$libinit$$0000001B)
    .ARM.Collect$$libinit$$0000001D          0x000002fa   Section        0  libinit2.o(.ARM.Collect$$libinit$$0000001D)
    .ARM.Collect$$libinit$$0000001F          0x000002fa   Section        0  libinit2.o(.ARM.Collect$$libinit$$0000001F)
    .ARM.Collect$$libinit$$00000021          0x000002fa   Section        0  libinit2.o(.ARM.Collect$$libinit$$00000021)
    .ARM.Collect$$libinit$$00000023          0x000002fa   Section        0  libinit2.o(.ARM.Collect$$libinit$$00000023)
    .ARM.Collect$$libinit$$00000025          0x000002fa   Section        0  libinit2.o(.ARM.Collect$$libinit$$00000025)
    .ARM.Collect$$libinit$$0000002C          0x000002fa   Section        0  libinit2.o(.ARM.Collect$$libinit$$0000002C)
    .ARM.Collect$$libinit$$0000002E          0x000002fa   Section        0  libinit2.o(.ARM.Collect$$libinit$$0000002E)
    .ARM.Collect$$libinit$$00000030          0x000002fa   Section        0  libinit2.o(.ARM.Collect$$libinit$$00000030)
    .ARM.Collect$$libinit$$00000032          0x000002fa   Section        0  libinit2.o(.ARM.Collect$$libinit$$00000032)
    .ARM.Collect$$libinit$$00000033          0x000002fa   Section        2  libinit2.o(.ARM.Collect$$libinit$$00000033)
    .ARM.Collect$$libshutdown$$00000000      0x000002fc   Section        2  libshutdown.o(.ARM.Collect$$libshutdown$$00000000)
    .ARM.Collect$$libshutdown$$00000002      0x000002fe   Section        0  libshutdown2.o(.ARM.Collect$$libshutdown$$00000002)
    .ARM.Collect$$libshutdown$$00000004      0x000002fe   Section        0  libshutdown2.o(.ARM.Collect$$libshutdown$$00000004)
    .ARM.Collect$$libshutdown$$00000007      0x000002fe   Section        0  libshutdown2.o(.ARM.Collect$$libshutdown$$00000007)
    .ARM.Collect$$libshutdown$$0000000A      0x000002fe   Section        0  libshutdown2.o(.ARM.Collect$$libshutdown$$0000000A)
    .ARM.Collect$$libshutdown$$0000000C      0x000002fe   Section        0  libshutdown2.o(.ARM.Collect$$libshutdown$$0000000C)
    .ARM.Collect$$libshutdown$$0000000F      0x000002fe   Section        0  libshutdown2.o(.ARM.Collect$$libshutdown$$0000000F)
    .ARM.Collect$$libshutdown$$00000010      0x000002fe   Section        2  libshutdown2.o(.ARM.Collect$$libshutdown$$00000010)
    .ARM.Collect$$rtentry$$00000000          0x00000300   Section        0  __rtentry.o(.ARM.Collect$$rtentry$$00000000)
    .ARM.Collect$$rtentry$$00000002          0x00000300   Section        0  __rtentry2.o(.ARM.Collect$$rtentry$$00000002)
    .ARM.Collect$$rtentry$$00000004          0x00000300   Section        6  __rtentry4.o(.ARM.Collect$$rtentry$$00000004)
    .ARM.Collect$$rtentry$$00000009          0x00000306   Section        0  __rtentry2.o(.ARM.Collect$$rtentry$$00000009)
    .ARM.Collect$$rtentry$$0000000A          0x00000306   Section        4  __rtentry2.o(.ARM.Collect$$rtentry$$0000000A)
    .ARM.Collect$$rtentry$$0000000C          0x0000030a   Section        0  __rtentry2.o(.ARM.Collect$$rtentry$$0000000C)
    .ARM.Collect$$rtentry$$0000000D          0x0000030a   Section        8  __rtentry2.o(.ARM.Collect$$rtentry$$0000000D)
    .ARM.Collect$$rtexit$$00000000           0x00000312   Section        2  rtexit.o(.ARM.Collect$$rtexit$$00000000)
    .ARM.Collect$$rtexit$$00000002           0x00000314   Section        0  rtexit2.o(.ARM.Collect$$rtexit$$00000002)
    .ARM.Collect$$rtexit$$00000003           0x00000314   Section        4  rtexit2.o(.ARM.Collect$$rtexit$$00000003)
    .ARM.Collect$$rtexit$$00000004           0x00000318   Section        6  rtexit2.o(.ARM.Collect$$rtexit$$00000004)
    .text                                    0x00000320   Section      116  startup_hc32f460jeta.o(.text)
    $v0                                      0x00000320   Number         0  startup_hc32f460jeta.o(.text)
    .text                                    0x00000394   Section        0  heapauxi.o(.text)
    .text                                    0x0000039a   Section       74  sys_stackheap_outer.o(.text)
    .text                                    0x000003e4   Section        0  exit.o(.text)
    .text                                    0x000003f8   Section        8  libspace.o(.text)
    .ARM.__AT_0x00000400                     0x00000400   Section       32  main.o(.ARM.__AT_0x00000400)
    .text                                    0x00000420   Section        0  sys_exit.o(.text)
    .text                                    0x0000042c   Section        2  use_no_semi.o(.text)
    .text                                    0x0000042e   Section        0  indicate_semi.o(.text)
    i.SystemCoreClockUpdate                  0x00000430   Section        0  system_hc32f460.o(i.SystemCoreClockUpdate)
    i.SystemInit                             0x0000051c   Section        0  system_hc32f460.o(i.SystemInit)
    i.main                                   0x00000534   Section        0  main.o(i.main)
    x$fpl$fpinit                             0x00000538   Section       10  fpinit.o(x$fpl$fpinit)
    $v0                                      0x00000538   Number         0  fpinit.o(x$fpl$fpinit)
    .data                                    0x1fff8000   Section        8  system_hc32f460.o(.data)
    .bss                                     0x1fff8008   Section       96  libspace.o(.bss)
    HEAP                                     0x1fff8068   Section      512  startup_hc32f460jeta.o(HEAP)
    Heap_Mem                                 0x1fff8068   Data         512  startup_hc32f460jeta.o(HEAP)
    STACK                                    0x1fff8268   Section     1024  startup_hc32f460jeta.o(STACK)
    Stack_Mem                                0x1fff8268   Data        1024  startup_hc32f460jeta.o(STACK)
    __initial_sp                             0x1fff8668   Data           0  startup_hc32f460jeta.o(STACK)

    Global Symbols

    Symbol Name                              Value     Ov Type        Size  Object(Section)

    BuildAttributes$$THM_ISAv4$E$P$D$K$B$S$7EM$VFPi3$EXTD16$VFPS$VFMA$PE$A:L22UL41UL21$X:L11$S22US41US21$IEEE1$IW$USESV6$~STKCKD$USESV7$~SHL$OSPACE$ROPI$EBA8$UX$STANDARDLIB$REQ8$PRES8$EABIv2 0x00000000   Number         0  anon$$obj.o ABSOLUTE
    __ARM_use_no_argv                        0x00000000   Number         0  main.o ABSOLUTE
    __Vectors                                0x00000000   Data           4  startup_hc32f460jeta.o(RESET)
    __ARM_exceptions_init                     - Undefined Weak Reference
    __alloca_initialize                       - Undefined Weak Reference
    __arm_preinit_                            - Undefined Weak Reference
    __cpp_initialize__aeabi_                  - Undefined Weak Reference
    __cxa_finalize                            - Undefined Weak Reference
    __rt_locale                               - Undefined Weak Reference
    __sigvec_lookup                           - Undefined Weak Reference
    _atexit_init                              - Undefined Weak Reference
    _call_atexit_fns                          - Undefined Weak Reference
    _clock_init                               - Undefined Weak Reference
    _fp_trap_init                             - Undefined Weak Reference
    _fp_trap_shutdown                         - Undefined Weak Reference
    _get_lc_collate                           - Undefined Weak Reference
    _get_lc_ctype                             - Undefined Weak Reference
    _get_lc_monetary                          - Undefined Weak Reference
    _get_lc_numeric                           - Undefined Weak Reference
    _get_lc_time                              - Undefined Weak Reference
    _getenv_init                              - Undefined Weak Reference
    _handle_redirection                       - Undefined Weak Reference
    _init_alloc                               - Undefined Weak Reference
    _init_user_alloc                          - Undefined Weak Reference
    _initio                                   - Undefined Weak Reference
    _rand_init                                - Undefined Weak Reference
    _signal_finish                            - Undefined Weak Reference
    _signal_init                              - Undefined Weak Reference
    _terminate_alloc                          - Undefined Weak Reference
    _terminate_user_alloc                     - Undefined Weak Reference
    _terminateio                              - Undefined Weak Reference
    __Vectors_End                            0x00000280   Data           0  startup_hc32f460jeta.o(RESET)
    __Vectors_Size                           0x00000280   Number         0  startup_hc32f460jeta.o ABSOLUTE
    __main                                   0x00000281   Thumb Code     8  __main.o(!!!main)
    __scatterload                            0x00000289   Thumb Code     0  __scatter.o(!!!scatter)
    __scatterload_rt2                        0x00000289   Thumb Code    44  __scatter.o(!!!scatter)
    __scatterload_rt2_thumb_only             0x00000289   Thumb Code     0  __scatter.o(!!!scatter)
    __scatterload_null                       0x00000297   Thumb Code     0  __scatter.o(!!!scatter)
    __scatterload_copy                       0x000002bd   Thumb Code    26  __scatter_copy.o(!!handler_copy)
    __scatterload_zeroinit                   0x000002d9   Thumb Code    28  __scatter_zi.o(!!handler_zi)
    __rt_lib_init                            0x000002f5   Thumb Code     0  libinit.o(.ARM.Collect$$libinit$$00000000)
    __rt_lib_init_fp_1                       0x000002f7   Thumb Code     0  libinit2.o(.ARM.Collect$$libinit$$00000001)
    __rt_lib_init_alloca_1                   0x000002fb   Thumb Code     0  libinit2.o(.ARM.Collect$$libinit$$0000002E)
    __rt_lib_init_argv_1                     0x000002fb   Thumb Code     0  libinit2.o(.ARM.Collect$$libinit$$0000002C)
    __rt_lib_init_atexit_1                   0x000002fb   Thumb Code     0  libinit2.o(.ARM.Collect$$libinit$$0000001B)
    __rt_lib_init_clock_1                    0x000002fb   Thumb Code     0  libinit2.o(.ARM.Collect$$libinit$$00000021)
    __rt_lib_init_cpp_1                      0x000002fb   Thumb Code     0  libinit2.o(.ARM.Collect$$libinit$$00000032)
    __rt_lib_init_exceptions_1               0x000002fb   Thumb Code     0  libinit2.o(.ARM.Collect$$libinit$$00000030)
    __rt_lib_init_fp_trap_1                  0x000002fb   Thumb Code     0  libinit2.o(.ARM.Collect$$libinit$$0000001F)
    __rt_lib_init_getenv_1                   0x000002fb   Thumb Code     0  libinit2.o(.ARM.Collect$$libinit$$00000023)
    __rt_lib_init_heap_1                     0x000002fb   Thumb Code     0  libinit2.o(.ARM.Collect$$libinit$$0000000A)
    __rt_lib_init_lc_collate_1               0x000002fb   Thumb Code     0  libinit2.o(.ARM.Collect$$libinit$$00000011)
    __rt_lib_init_lc_ctype_1                 0x000002fb   Thumb Code     0  libinit2.o(.ARM.Collect$$libinit$$00000013)
    __rt_lib_init_lc_monetary_1              0x000002fb   Thumb Code     0  libinit2.o(.ARM.Collect$$libinit$$00000015)
    __rt_lib_init_lc_numeric_1               0x000002fb   Thumb Code     0  libinit2.o(.ARM.Collect$$libinit$$00000017)
    __rt_lib_init_lc_time_1                  0x000002fb   Thumb Code     0  libinit2.o(.ARM.Collect$$libinit$$00000019)
    __rt_lib_init_preinit_1                  0x000002fb   Thumb Code     0  libinit2.o(.ARM.Collect$$libinit$$00000004)
    __rt_lib_init_rand_1                     0x000002fb   Thumb Code     0  libinit2.o(.ARM.Collect$$libinit$$0000000E)
    __rt_lib_init_return                     0x000002fb   Thumb Code     0  libinit2.o(.ARM.Collect$$libinit$$00000033)
    __rt_lib_init_signal_1                   0x000002fb   Thumb Code     0  libinit2.o(.ARM.Collect$$libinit$$0000001D)
    __rt_lib_init_stdio_1                    0x000002fb   Thumb Code     0  libinit2.o(.ARM.Collect$$libinit$$00000025)
    __rt_lib_init_user_alloc_1               0x000002fb   Thumb Code     0  libinit2.o(.ARM.Collect$$libinit$$0000000C)
    __rt_lib_shutdown                        0x000002fd   Thumb Code     0  libshutdown.o(.ARM.Collect$$libshutdown$$00000000)
    __rt_lib_shutdown_cpp_1                  0x000002ff   Thumb Code     0  libshutdown2.o(.ARM.Collect$$libshutdown$$00000002)
    __rt_lib_shutdown_fp_trap_1              0x000002ff   Thumb Code     0  libshutdown2.o(.ARM.Collect$$libshutdown$$00000007)
    __rt_lib_shutdown_heap_1                 0x000002ff   Thumb Code     0  libshutdown2.o(.ARM.Collect$$libshutdown$$0000000F)
    __rt_lib_shutdown_return                 0x000002ff   Thumb Code     0  libshutdown2.o(.ARM.Collect$$libshutdown$$00000010)
    __rt_lib_shutdown_signal_1               0x000002ff   Thumb Code     0  libshutdown2.o(.ARM.Collect$$libshutdown$$0000000A)
    __rt_lib_shutdown_stdio_1                0x000002ff   Thumb Code     0  libshutdown2.o(.ARM.Collect$$libshutdown$$00000004)
    __rt_lib_shutdown_user_alloc_1           0x000002ff   Thumb Code     0  libshutdown2.o(.ARM.Collect$$libshutdown$$0000000C)
    __rt_entry                               0x00000301   Thumb Code     0  __rtentry.o(.ARM.Collect$$rtentry$$00000000)
    __rt_entry_presh_1                       0x00000301   Thumb Code     0  __rtentry2.o(.ARM.Collect$$rtentry$$00000002)
    __rt_entry_sh                            0x00000301   Thumb Code     0  __rtentry4.o(.ARM.Collect$$rtentry$$00000004)
    __rt_entry_li                            0x00000307   Thumb Code     0  __rtentry2.o(.ARM.Collect$$rtentry$$0000000A)
    __rt_entry_postsh_1                      0x00000307   Thumb Code     0  __rtentry2.o(.ARM.Collect$$rtentry$$00000009)
    __rt_entry_main                          0x0000030b   Thumb Code     0  __rtentry2.o(.ARM.Collect$$rtentry$$0000000D)
    __rt_entry_postli_1                      0x0000030b   Thumb Code     0  __rtentry2.o(.ARM.Collect$$rtentry$$0000000C)
    __rt_exit                                0x00000313   Thumb Code     0  rtexit.o(.ARM.Collect$$rtexit$$00000000)
    __rt_exit_ls                             0x00000315   Thumb Code     0  rtexit2.o(.ARM.Collect$$rtexit$$00000003)
    __rt_exit_prels_1                        0x00000315   Thumb Code     0  rtexit2.o(.ARM.Collect$$rtexit$$00000002)
    __rt_exit_exit                           0x00000319   Thumb Code     0  rtexit2.o(.ARM.Collect$$rtexit$$00000004)
    Reset_Handler                            0x00000321   Thumb Code    48  startup_hc32f460jeta.o(.text)
    NMI_Handler                              0x00000351   Thumb Code     2  startup_hc32f460jeta.o(.text)
    HardFault_Handler                        0x00000353   Thumb Code     2  startup_hc32f460jeta.o(.text)
    MemManage_Handler                        0x00000355   Thumb Code     2  startup_hc32f460jeta.o(.text)
    BusFault_Handler                         0x00000357   Thumb Code     2  startup_hc32f460jeta.o(.text)
    UsageFault_Handler                       0x00000359   Thumb Code     2  startup_hc32f460jeta.o(.text)
    SVC_Handler                              0x0000035b   Thumb Code     2  startup_hc32f460jeta.o(.text)
    DebugMon_Handler                         0x0000035d   Thumb Code     2  startup_hc32f460jeta.o(.text)
    PendSV_Handler                           0x0000035f   Thumb Code     2  startup_hc32f460jeta.o(.text)
    SysTick_Handler                          0x00000361   Thumb Code     2  startup_hc32f460jeta.o(.text)
    IRQ000_Handler                           0x00000363   Thumb Code     0  startup_hc32f460jeta.o(.text)
    IRQ001_Handler                           0x00000363   Thumb Code     0  startup_hc32f460jeta.o(.text)
    IRQ002_Handler                           0x00000363   Thumb Code     0  startup_hc32f460jeta.o(.text)
    IRQ003_Handler                           0x00000363   Thumb Code     0  startup_hc32f460jeta.o(.text)
    IRQ004_Handler                           0x00000363   Thumb Code     0  startup_hc32f460jeta.o(.text)
    IRQ005_Handler                           0x00000363   Thumb Code     0  startup_hc32f460jeta.o(.text)
    IRQ006_Handler                           0x00000363   Thumb Code     0  startup_hc32f460jeta.o(.text)
    IRQ007_Handler                           0x00000363   Thumb Code     0  startup_hc32f460jeta.o(.text)
    IRQ008_Handler                           0x00000363   Thumb Code     0  startup_hc32f460jeta.o(.text)
    IRQ009_Handler                           0x00000363   Thumb Code     0  startup_hc32f460jeta.o(.text)
    IRQ010_Handler                           0x00000363   Thumb Code     0  startup_hc32f460jeta.o(.text)
    IRQ011_Handler                           0x00000363   Thumb Code     0  startup_hc32f460jeta.o(.text)
    IRQ012_Handler                           0x00000363   Thumb Code     0  startup_hc32f460jeta.o(.text)
    IRQ013_Handler                           0x00000363   Thumb Code     0  startup_hc32f460jeta.o(.text)
    IRQ014_Handler                           0x00000363   Thumb Code     0  startup_hc32f460jeta.o(.text)
    IRQ015_Handler                           0x00000363   Thumb Code     0  startup_hc32f460jeta.o(.text)
    IRQ016_Handler                           0x00000363   Thumb Code     0  startup_hc32f460jeta.o(.text)
    IRQ017_Handler                           0x00000363   Thumb Code     0  startup_hc32f460jeta.o(.text)
    IRQ018_Handler                           0x00000363   Thumb Code     0  startup_hc32f460jeta.o(.text)
    IRQ019_Handler                           0x00000363   Thumb Code     0  startup_hc32f460jeta.o(.text)
    IRQ020_Handler                           0x00000363   Thumb Code     0  startup_hc32f460jeta.o(.text)
    IRQ021_Handler                           0x00000363   Thumb Code     0  startup_hc32f460jeta.o(.text)
    IRQ022_Handler                           0x00000363   Thumb Code     0  startup_hc32f460jeta.o(.text)
    IRQ023_Handler                           0x00000363   Thumb Code     0  startup_hc32f460jeta.o(.text)
    IRQ024_Handler                           0x00000363   Thumb Code     0  startup_hc32f460jeta.o(.text)
    IRQ025_Handler                           0x00000363   Thumb Code     0  startup_hc32f460jeta.o(.text)
    IRQ026_Handler                           0x00000363   Thumb Code     0  startup_hc32f460jeta.o(.text)
    IRQ027_Handler                           0x00000363   Thumb Code     0  startup_hc32f460jeta.o(.text)
    IRQ028_Handler                           0x00000363   Thumb Code     0  startup_hc32f460jeta.o(.text)
    IRQ029_Handler                           0x00000363   Thumb Code     0  startup_hc32f460jeta.o(.text)
    IRQ030_Handler                           0x00000363   Thumb Code     0  startup_hc32f460jeta.o(.text)
    IRQ031_Handler                           0x00000363   Thumb Code     0  startup_hc32f460jeta.o(.text)
    IRQ032_Handler                           0x00000363   Thumb Code     0  startup_hc32f460jeta.o(.text)
    IRQ033_Handler                           0x00000363   Thumb Code     0  startup_hc32f460jeta.o(.text)
    IRQ034_Handler                           0x00000363   Thumb Code     0  startup_hc32f460jeta.o(.text)
    IRQ035_Handler                           0x00000363   Thumb Code     0  startup_hc32f460jeta.o(.text)
    IRQ036_Handler                           0x00000363   Thumb Code     0  startup_hc32f460jeta.o(.text)
    IRQ037_Handler                           0x00000363   Thumb Code     0  startup_hc32f460jeta.o(.text)
    IRQ038_Handler                           0x00000363   Thumb Code     0  startup_hc32f460jeta.o(.text)
    IRQ039_Handler                           0x00000363   Thumb Code     0  startup_hc32f460jeta.o(.text)
    IRQ040_Handler                           0x00000363   Thumb Code     0  startup_hc32f460jeta.o(.text)
    IRQ041_Handler                           0x00000363   Thumb Code     0  startup_hc32f460jeta.o(.text)
    IRQ042_Handler                           0x00000363   Thumb Code     0  startup_hc32f460jeta.o(.text)
    IRQ043_Handler                           0x00000363   Thumb Code     0  startup_hc32f460jeta.o(.text)
    IRQ044_Handler                           0x00000363   Thumb Code     0  startup_hc32f460jeta.o(.text)
    IRQ045_Handler                           0x00000363   Thumb Code     0  startup_hc32f460jeta.o(.text)
    IRQ046_Handler                           0x00000363   Thumb Code     0  startup_hc32f460jeta.o(.text)
    IRQ047_Handler                           0x00000363   Thumb Code     0  startup_hc32f460jeta.o(.text)
    IRQ048_Handler                           0x00000363   Thumb Code     0  startup_hc32f460jeta.o(.text)
    IRQ049_Handler                           0x00000363   Thumb Code     0  startup_hc32f460jeta.o(.text)
    IRQ050_Handler                           0x00000363   Thumb Code     0  startup_hc32f460jeta.o(.text)
    IRQ051_Handler                           0x00000363   Thumb Code     0  startup_hc32f460jeta.o(.text)
    IRQ052_Handler                           0x00000363   Thumb Code     0  startup_hc32f460jeta.o(.text)
    IRQ053_Handler                           0x00000363   Thumb Code     0  startup_hc32f460jeta.o(.text)
    IRQ054_Handler                           0x00000363   Thumb Code     0  startup_hc32f460jeta.o(.text)
    IRQ055_Handler                           0x00000363   Thumb Code     0  startup_hc32f460jeta.o(.text)
    IRQ056_Handler                           0x00000363   Thumb Code     0  startup_hc32f460jeta.o(.text)
    IRQ057_Handler                           0x00000363   Thumb Code     0  startup_hc32f460jeta.o(.text)
    IRQ058_Handler                           0x00000363   Thumb Code     0  startup_hc32f460jeta.o(.text)
    IRQ059_Handler                           0x00000363   Thumb Code     0  startup_hc32f460jeta.o(.text)
    IRQ060_Handler                           0x00000363   Thumb Code     0  startup_hc32f460jeta.o(.text)
    IRQ061_Handler                           0x00000363   Thumb Code     0  startup_hc32f460jeta.o(.text)
    IRQ062_Handler                           0x00000363   Thumb Code     0  startup_hc32f460jeta.o(.text)
    IRQ063_Handler                           0x00000363   Thumb Code     0  startup_hc32f460jeta.o(.text)
    IRQ064_Handler                           0x00000363   Thumb Code     0  startup_hc32f460jeta.o(.text)
    IRQ065_Handler                           0x00000363   Thumb Code     0  startup_hc32f460jeta.o(.text)
    IRQ066_Handler                           0x00000363   Thumb Code     0  startup_hc32f460jeta.o(.text)
    IRQ067_Handler                           0x00000363   Thumb Code     0  startup_hc32f460jeta.o(.text)
    IRQ068_Handler                           0x00000363   Thumb Code     0  startup_hc32f460jeta.o(.text)
    IRQ069_Handler                           0x00000363   Thumb Code     0  startup_hc32f460jeta.o(.text)
    IRQ070_Handler                           0x00000363   Thumb Code     0  startup_hc32f460jeta.o(.text)
    IRQ071_Handler                           0x00000363   Thumb Code     0  startup_hc32f460jeta.o(.text)
    IRQ072_Handler                           0x00000363   Thumb Code     0  startup_hc32f460jeta.o(.text)
    IRQ073_Handler                           0x00000363   Thumb Code     0  startup_hc32f460jeta.o(.text)
    IRQ074_Handler                           0x00000363   Thumb Code     0  startup_hc32f460jeta.o(.text)
    IRQ075_Handler                           0x00000363   Thumb Code     0  startup_hc32f460jeta.o(.text)
    IRQ076_Handler                           0x00000363   Thumb Code     0  startup_hc32f460jeta.o(.text)
    IRQ077_Handler                           0x00000363   Thumb Code     0  startup_hc32f460jeta.o(.text)
    IRQ078_Handler                           0x00000363   Thumb Code     0  startup_hc32f460jeta.o(.text)
    IRQ079_Handler                           0x00000363   Thumb Code     0  startup_hc32f460jeta.o(.text)
    IRQ080_Handler                           0x00000363   Thumb Code     0  startup_hc32f460jeta.o(.text)
    IRQ081_Handler                           0x00000363   Thumb Code     0  startup_hc32f460jeta.o(.text)
    IRQ082_Handler                           0x00000363   Thumb Code     0  startup_hc32f460jeta.o(.text)
    IRQ083_Handler                           0x00000363   Thumb Code     0  startup_hc32f460jeta.o(.text)
    IRQ084_Handler                           0x00000363   Thumb Code     0  startup_hc32f460jeta.o(.text)
    IRQ085_Handler                           0x00000363   Thumb Code     0  startup_hc32f460jeta.o(.text)
    IRQ086_Handler                           0x00000363   Thumb Code     0  startup_hc32f460jeta.o(.text)
    IRQ087_Handler                           0x00000363   Thumb Code     0  startup_hc32f460jeta.o(.text)
    IRQ088_Handler                           0x00000363   Thumb Code     0  startup_hc32f460jeta.o(.text)
    IRQ089_Handler                           0x00000363   Thumb Code     0  startup_hc32f460jeta.o(.text)
    IRQ090_Handler                           0x00000363   Thumb Code     0  startup_hc32f460jeta.o(.text)
    IRQ091_Handler                           0x00000363   Thumb Code     0  startup_hc32f460jeta.o(.text)
    IRQ092_Handler                           0x00000363   Thumb Code     0  startup_hc32f460jeta.o(.text)
    IRQ093_Handler                           0x00000363   Thumb Code     0  startup_hc32f460jeta.o(.text)
    IRQ094_Handler                           0x00000363   Thumb Code     0  startup_hc32f460jeta.o(.text)
    IRQ095_Handler                           0x00000363   Thumb Code     0  startup_hc32f460jeta.o(.text)
    IRQ096_Handler                           0x00000363   Thumb Code     0  startup_hc32f460jeta.o(.text)
    IRQ097_Handler                           0x00000363   Thumb Code     0  startup_hc32f460jeta.o(.text)
    IRQ098_Handler                           0x00000363   Thumb Code     0  startup_hc32f460jeta.o(.text)
    IRQ099_Handler                           0x00000363   Thumb Code     0  startup_hc32f460jeta.o(.text)
    IRQ100_Handler                           0x00000363   Thumb Code     0  startup_hc32f460jeta.o(.text)
    IRQ101_Handler                           0x00000363   Thumb Code     0  startup_hc32f460jeta.o(.text)
    IRQ102_Handler                           0x00000363   Thumb Code     0  startup_hc32f460jeta.o(.text)
    IRQ103_Handler                           0x00000363   Thumb Code     0  startup_hc32f460jeta.o(.text)
    IRQ104_Handler                           0x00000363   Thumb Code     0  startup_hc32f460jeta.o(.text)
    IRQ105_Handler                           0x00000363   Thumb Code     0  startup_hc32f460jeta.o(.text)
    IRQ106_Handler                           0x00000363   Thumb Code     0  startup_hc32f460jeta.o(.text)
    IRQ107_Handler                           0x00000363   Thumb Code     0  startup_hc32f460jeta.o(.text)
    IRQ108_Handler                           0x00000363   Thumb Code     0  startup_hc32f460jeta.o(.text)
    IRQ109_Handler                           0x00000363   Thumb Code     0  startup_hc32f460jeta.o(.text)
    IRQ110_Handler                           0x00000363   Thumb Code     0  startup_hc32f460jeta.o(.text)
    IRQ111_Handler                           0x00000363   Thumb Code     0  startup_hc32f460jeta.o(.text)
    IRQ112_Handler                           0x00000363   Thumb Code     0  startup_hc32f460jeta.o(.text)
    IRQ113_Handler                           0x00000363   Thumb Code     0  startup_hc32f460jeta.o(.text)
    IRQ114_Handler                           0x00000363   Thumb Code     0  startup_hc32f460jeta.o(.text)
    IRQ115_Handler                           0x00000363   Thumb Code     0  startup_hc32f460jeta.o(.text)
    IRQ116_Handler                           0x00000363   Thumb Code     0  startup_hc32f460jeta.o(.text)
    IRQ117_Handler                           0x00000363   Thumb Code     0  startup_hc32f460jeta.o(.text)
    IRQ118_Handler                           0x00000363   Thumb Code     0  startup_hc32f460jeta.o(.text)
    IRQ119_Handler                           0x00000363   Thumb Code     0  startup_hc32f460jeta.o(.text)
    IRQ120_Handler                           0x00000363   Thumb Code     0  startup_hc32f460jeta.o(.text)
    IRQ121_Handler                           0x00000363   Thumb Code     0  startup_hc32f460jeta.o(.text)
    IRQ122_Handler                           0x00000363   Thumb Code     0  startup_hc32f460jeta.o(.text)
    IRQ123_Handler                           0x00000363   Thumb Code     0  startup_hc32f460jeta.o(.text)
    IRQ124_Handler                           0x00000363   Thumb Code     0  startup_hc32f460jeta.o(.text)
    IRQ125_Handler                           0x00000363   Thumb Code     0  startup_hc32f460jeta.o(.text)
    IRQ126_Handler                           0x00000363   Thumb Code     0  startup_hc32f460jeta.o(.text)
    IRQ127_Handler                           0x00000363   Thumb Code     0  startup_hc32f460jeta.o(.text)
    IRQ128_Handler                           0x00000363   Thumb Code     0  startup_hc32f460jeta.o(.text)
    IRQ129_Handler                           0x00000363   Thumb Code     0  startup_hc32f460jeta.o(.text)
    IRQ130_Handler                           0x00000363   Thumb Code     0  startup_hc32f460jeta.o(.text)
    IRQ131_Handler                           0x00000363   Thumb Code     0  startup_hc32f460jeta.o(.text)
    IRQ132_Handler                           0x00000363   Thumb Code     0  startup_hc32f460jeta.o(.text)
    IRQ133_Handler                           0x00000363   Thumb Code     0  startup_hc32f460jeta.o(.text)
    IRQ134_Handler                           0x00000363   Thumb Code     0  startup_hc32f460jeta.o(.text)
    IRQ135_Handler                           0x00000363   Thumb Code     0  startup_hc32f460jeta.o(.text)
    IRQ136_Handler                           0x00000363   Thumb Code     0  startup_hc32f460jeta.o(.text)
    IRQ137_Handler                           0x00000363   Thumb Code     0  startup_hc32f460jeta.o(.text)
    IRQ138_Handler                           0x00000363   Thumb Code     0  startup_hc32f460jeta.o(.text)
    IRQ139_Handler                           0x00000363   Thumb Code     0  startup_hc32f460jeta.o(.text)
    IRQ140_Handler                           0x00000363   Thumb Code     0  startup_hc32f460jeta.o(.text)
    IRQ141_Handler                           0x00000363   Thumb Code     0  startup_hc32f460jeta.o(.text)
    IRQ142_Handler                           0x00000363   Thumb Code     0  startup_hc32f460jeta.o(.text)
    IRQ143_Handler                           0x00000363   Thumb Code     0  startup_hc32f460jeta.o(.text)
    __user_initial_stackheap                 0x00000365   Thumb Code    10  startup_hc32f460jeta.o(.text)
    __use_two_region_memory                  0x00000395   Thumb Code     2  heapauxi.o(.text)
    __rt_heap_escrow$2region                 0x00000397   Thumb Code     2  heapauxi.o(.text)
    __rt_heap_expand$2region                 0x00000399   Thumb Code     2  heapauxi.o(.text)
    __user_setup_stackheap                   0x0000039b   Thumb Code    74  sys_stackheap_outer.o(.text)
    exit                                     0x000003e5   Thumb Code    18  exit.o(.text)
    __user_libspace                          0x000003f9   Thumb Code     8  libspace.o(.text)
    __user_perproc_libspace                  0x000003f9   Thumb Code     0  libspace.o(.text)
    __user_perthread_libspace                0x000003f9   Thumb Code     0  libspace.o(.text)
    u32ICG                                   0x00000400   Data          32  main.o(.ARM.__AT_0x00000400)
    _sys_exit                                0x00000421   Thumb Code     8  sys_exit.o(.text)
    __I$use$semihosting                      0x0000042d   Thumb Code     0  use_no_semi.o(.text)
    __use_no_semihosting_swi                 0x0000042d   Thumb Code     2  use_no_semi.o(.text)
    __semihosting_library_function           0x0000042f   Thumb Code     0  indicate_semi.o(.text)
    SystemCoreClockUpdate                    0x00000431   Thumb Code   206  system_hc32f460.o(i.SystemCoreClockUpdate)
    SystemInit                               0x0000051d   Thumb Code    20  system_hc32f460.o(i.SystemInit)
    main                                     0x00000535   Thumb Code     4  main.o(i.main)
    _fp_init                                 0x00000539   Thumb Code    10  fpinit.o(x$fpl$fpinit)
    __fplib_config_fpu_vfp                   0x00000541   Thumb Code     0  fpinit.o(x$fpl$fpinit)
    __fplib_config_pureend_doubles           0x00000541   Thumb Code     0  fpinit.o(x$fpl$fpinit)
    Region$$Table$$Base                      0x00000544   Number         0  anon$$obj.o(Region$$Table)
    Region$$Table$$Limit                     0x00000564   Number         0  anon$$obj.o(Region$$Table)
    HRC_VALUE                                0x1fff8000   Data           4  system_hc32f460.o(.data)
    SystemCoreClock                          0x1fff8004   Data           4  system_hc32f460.o(.data)
    __libspace_start                         0x1fff8008   Data          96  libspace.o(.bss)
    __temporary_stack_top$libspace           0x1fff8068   Data           0  libspace.o(.bss)



==============================================================================

Memory Map of the image

  Image Entry point : 0x00000281

  Load Region LR_IROM1 (Base: 0x00000000, Size: 0x0000056c, Max: 0x00080000, ABSOLUTE)

    Execution Region ER_IROM1 (Exec base: 0x00000000, Load base: 0x00000000, Size: 0x00000564, Max: 0x00080000, ABSOLUTE)

    Exec Addr    Load Addr    Size         Type   Attr      Idx    E Section Name        Object

    0x00000000   0x00000000   0x00000280   Data   RO           76    RESET               startup_hc32f460jeta.o
    0x00000280   0x00000280   0x00000008   Code   RO          357  * !!!main             c_w.l(__main.o)
    0x00000288   0x00000288   0x00000034   Code   RO          514    !!!scatter          c_w.l(__scatter.o)
    0x000002bc   0x000002bc   0x0000001a   Code   RO          516    !!handler_copy      c_w.l(__scatter_copy.o)
    0x000002d6   0x000002d6   0x00000002   PAD
    0x000002d8   0x000002d8   0x0000001c   Code   RO          518    !!handler_zi        c_w.l(__scatter_zi.o)
    0x000002f4   0x000002f4   0x00000002   Code   RO          384    .ARM.Collect$$libinit$$00000000  c_w.l(libinit.o)
    0x000002f6   0x000002f6   0x00000004   Code   RO          390    .ARM.Collect$$libinit$$00000001  c_w.l(libinit2.o)
    0x000002fa   0x000002fa   0x00000000   Code   RO          393    .ARM.Collect$$libinit$$00000004  c_w.l(libinit2.o)
    0x000002fa   0x000002fa   0x00000000   Code   RO          396    .ARM.Collect$$libinit$$0000000A  c_w.l(libinit2.o)
    0x000002fa   0x000002fa   0x00000000   Code   RO          398    .ARM.Collect$$libinit$$0000000C  c_w.l(libinit2.o)
    0x000002fa   0x000002fa   0x00000000   Code   RO          400    .ARM.Collect$$libinit$$0000000E  c_w.l(libinit2.o)
    0x000002fa   0x000002fa   0x00000000   Code   RO          403    .ARM.Collect$$libinit$$00000011  c_w.l(libinit2.o)
    0x000002fa   0x000002fa   0x00000000   Code   RO          405    .ARM.Collect$$libinit$$00000013  c_w.l(libinit2.o)
    0x000002fa   0x000002fa   0x00000000   Code   RO          407    .ARM.Collect$$libinit$$00000015  c_w.l(libinit2.o)
    0x000002fa   0x000002fa   0x00000000   Code   RO          409    .ARM.Collect$$libinit$$00000017  c_w.l(libinit2.o)
    0x000002fa   0x000002fa   0x00000000   Code   RO          411    .ARM.Collect$$libinit$$00000019  c_w.l(libinit2.o)
    0x000002fa   0x000002fa   0x00000000   Code   RO          413    .ARM.Collect$$libinit$$0000001B  c_w.l(libinit2.o)
    0x000002fa   0x000002fa   0x00000000   Code   RO          415    .ARM.Collect$$libinit$$0000001D  c_w.l(libinit2.o)
    0x000002fa   0x000002fa   0x00000000   Code   RO          417    .ARM.Collect$$libinit$$0000001F  c_w.l(libinit2.o)
    0x000002fa   0x000002fa   0x00000000   Code   RO          419    .ARM.Collect$$libinit$$00000021  c_w.l(libinit2.o)
    0x000002fa   0x000002fa   0x00000000   Code   RO          421    .ARM.Collect$$libinit$$00000023  c_w.l(libinit2.o)
    0x000002fa   0x000002fa   0x00000000   Code   RO          423    .ARM.Collect$$libinit$$00000025  c_w.l(libinit2.o)
    0x000002fa   0x000002fa   0x00000000   Code   RO          427    .ARM.Collect$$libinit$$0000002C  c_w.l(libinit2.o)
    0x000002fa   0x000002fa   0x00000000   Code   RO          429    .ARM.Collect$$libinit$$0000002E  c_w.l(libinit2.o)
    0x000002fa   0x000002fa   0x00000000   Code   RO          431    .ARM.Collect$$libinit$$00000030  c_w.l(libinit2.o)
    0x000002fa   0x000002fa   0x00000000   Code   RO          433    .ARM.Collect$$libinit$$00000032  c_w.l(libinit2.o)
    0x000002fa   0x000002fa   0x00000002   Code   RO          434    .ARM.Collect$$libinit$$00000033  c_w.l(libinit2.o)
    0x000002fc   0x000002fc   0x00000002   Code   RO          454    .ARM.Collect$$libshutdown$$00000000  c_w.l(libshutdown.o)
    0x000002fe   0x000002fe   0x00000000   Code   RO          467    .ARM.Collect$$libshutdown$$00000002  c_w.l(libshutdown2.o)
    0x000002fe   0x000002fe   0x00000000   Code   RO          469    .ARM.Collect$$libshutdown$$00000004  c_w.l(libshutdown2.o)
    0x000002fe   0x000002fe   0x00000000   Code   RO          472    .ARM.Collect$$libshutdown$$00000007  c_w.l(libshutdown2.o)
    0x000002fe   0x000002fe   0x00000000   Code   RO          475    .ARM.Collect$$libshutdown$$0000000A  c_w.l(libshutdown2.o)
    0x000002fe   0x000002fe   0x00000000   Code   RO          477    .ARM.Collect$$libshutdown$$0000000C  c_w.l(libshutdown2.o)
    0x000002fe   0x000002fe   0x00000000   Code   RO          480    .ARM.Collect$$libshutdown$$0000000F  c_w.l(libshutdown2.o)
    0x000002fe   0x000002fe   0x00000002   Code   RO          481    .ARM.Collect$$libshutdown$$00000010  c_w.l(libshutdown2.o)
    0x00000300   0x00000300   0x00000000   Code   RO          359    .ARM.Collect$$rtentry$$00000000  c_w.l(__rtentry.o)
    0x00000300   0x00000300   0x00000000   Code   RO          361    .ARM.Collect$$rtentry$$00000002  c_w.l(__rtentry2.o)
    0x00000300   0x00000300   0x00000006   Code   RO          373    .ARM.Collect$$rtentry$$00000004  c_w.l(__rtentry4.o)
    0x00000306   0x00000306   0x00000000   Code   RO          363    .ARM.Collect$$rtentry$$00000009  c_w.l(__rtentry2.o)
    0x00000306   0x00000306   0x00000004   Code   RO          364    .ARM.Collect$$rtentry$$0000000A  c_w.l(__rtentry2.o)
    0x0000030a   0x0000030a   0x00000000   Code   RO          366    .ARM.Collect$$rtentry$$0000000C  c_w.l(__rtentry2.o)
    0x0000030a   0x0000030a   0x00000008   Code   RO          367    .ARM.Collect$$rtentry$$0000000D  c_w.l(__rtentry2.o)
    0x00000312   0x00000312   0x00000002   Code   RO          388    .ARM.Collect$$rtexit$$00000000  c_w.l(rtexit.o)
    0x00000314   0x00000314   0x00000000   Code   RO          436    .ARM.Collect$$rtexit$$00000002  c_w.l(rtexit2.o)
    0x00000314   0x00000314   0x00000004   Code   RO          437    .ARM.Collect$$rtexit$$00000003  c_w.l(rtexit2.o)
    0x00000318   0x00000318   0x00000006   Code   RO          438    .ARM.Collect$$rtexit$$00000004  c_w.l(rtexit2.o)
    0x0000031e   0x0000031e   0x00000002   PAD
    0x00000320   0x00000320   0x00000074   Code   RO           77    .text               startup_hc32f460jeta.o
    0x00000394   0x00000394   0x00000006   Code   RO          355    .text               c_w.l(heapauxi.o)
    0x0000039a   0x0000039a   0x0000004a   Code   RO          375    .text               c_w.l(sys_stackheap_outer.o)
    0x000003e4   0x000003e4   0x00000012   Code   RO          377    .text               c_w.l(exit.o)
    0x000003f6   0x000003f6   0x00000002   PAD
    0x000003f8   0x000003f8   0x00000008   Code   RO          385    .text               c_w.l(libspace.o)
    0x00000400   0x00000400   0x00000020   Data   RO          324    .ARM.__AT_0x00000400  main.o
    0x00000420   0x00000420   0x0000000c   Code   RO          446    .text               c_w.l(sys_exit.o)
    0x0000042c   0x0000042c   0x00000002   Code   RO          457    .text               c_w.l(use_no_semi.o)
    0x0000042e   0x0000042e   0x00000000   Code   RO          459    .text               c_w.l(indicate_semi.o)
    0x0000042e   0x0000042e   0x00000002   PAD
    0x00000430   0x00000430   0x000000ec   Code   RO            4    i.SystemCoreClockUpdate  system_hc32f460.o
    0x0000051c   0x0000051c   0x00000018   Code   RO            5    i.SystemInit        system_hc32f460.o
    0x00000534   0x00000534   0x00000004   Code   RO          323    i.main              main.o
    0x00000538   0x00000538   0x0000000a   Code   RO          444    x$fpl$fpinit        fz_wm.l(fpinit.o)
    0x00000542   0x00000542   0x00000002   PAD
    0x00000544   0x00000544   0x00000020   Data   RO          512    Region$$Table       anon$$obj.o


    Execution Region RW_IRAM1 (Exec base: 0x1fff8000, Load base: 0x00000564, Size: 0x00000668, Max: 0x0002f000, ABSOLUTE)

    Exec Addr    Load Addr    Size         Type   Attr      Idx    E Section Name        Object

    0x1fff8000   0x00000564   0x00000008   Data   RW            6    .data               system_hc32f460.o
    0x1fff8008        -       0x00000060   Zero   RW          386    .bss                c_w.l(libspace.o)
    0x1fff8068        -       0x00000200   Zero   RW           75    HEAP                startup_hc32f460jeta.o
    0x1fff8268        -       0x00000400   Zero   RW           74    STACK               startup_hc32f460jeta.o


==============================================================================

Image component sizes


      Code (inc. data)   RO Data    RW Data    ZI Data      Debug   Object Name

         4          0         32          0          0       1040   main.o
       116         38        640          0       1536        900   startup_hc32f460jeta.o
       260         40          0          8          0       5985   system_hc32f460.o

    ----------------------------------------------------------------------
       380         78        704          8       1536       7925   Object Totals
         0          0         32          0          0          0   (incl. Generated)
         0          0          0          0          0          0   (incl. Padding)

    ----------------------------------------------------------------------

      Code (inc. data)   RO Data    RW Data    ZI Data      Debug   Library Member Name

         8          0          0          0          0         68   __main.o
         0          0          0          0          0          0   __rtentry.o
        12          0          0          0          0          0   __rtentry2.o
         6          0          0          0          0          0   __rtentry4.o
        52          8          0          0          0          0   __scatter.o
        26          0          0          0          0          0   __scatter_copy.o
        28          0          0          0          0          0   __scatter_zi.o
        18          0          0          0          0         80   exit.o
         6          0          0          0          0        152   heapauxi.o
         0          0          0          0          0          0   indicate_semi.o
         2          0          0          0          0          0   libinit.o
         6          0          0          0          0          0   libinit2.o
         2          0          0          0          0          0   libshutdown.o
         2          0          0          0          0          0   libshutdown2.o
         8          4          0          0         96         68   libspace.o
         2          0          0          0          0          0   rtexit.o
        10          0          0          0          0          0   rtexit2.o
        12          4          0          0          0         68   sys_exit.o
        74          0          0          0          0         80   sys_stackheap_outer.o
         2          0          0          0          0         68   use_no_semi.o
        10          0          0          0          0        116   fpinit.o

    ----------------------------------------------------------------------
       296         16          0          0         96        700   Library Totals
        10          0          0          0          0          0   (incl. Padding)

    ----------------------------------------------------------------------

      Code (inc. data)   RO Data    RW Data    ZI Data      Debug   Library Name

       276         16          0          0         96        584   c_w.l
        10          0          0          0          0        116   fz_wm.l

    ----------------------------------------------------------------------
       296         16          0          0         96        700   Library Totals

    ----------------------------------------------------------------------

==============================================================================


      Code (inc. data)   RO Data    RW Data    ZI Data      Debug   

       676         94        704          8       1632       8369   Grand Totals
       676         94        704          8       1632       8369   ELF Image Totals
       676         94        704          8          0          0   ROM Totals

==============================================================================

    Total RO  Size (Code + RO Data)                 1380 (   1.35kB)
    Total RW  Size (RW Data + ZI Data)              1640 (   1.60kB)
    Total ROM Size (Code + RO Data + RW Data)       1388 (   1.36kB)

==============================================================================

