<!doctype html public "-//w3c//dtd html 4.0 transitional//en">
<html><head>
<title>Static Call Graph - [.\Objects\Base.axf]</title></head>
<body><HR>
<H1>Static Call Graph for image .\Objects\Base.axf</H1><HR>
<BR><P>#&#060CALLGRAPH&#062# ARM Linker, 5060750: Last Updated: Sun Mar 26 19:32:33 2023
<BR><P>
<H3>Maximum Stack Usage =         20 bytes + Unknown(Cycles, Untraceable Function Pointers)</H3><H3>
Call chain for Maximum Stack Depth:</H3>
SystemInit &rArr; SystemCoreClockUpdate
<P>
<H3>
Mutually Recursive functions
</H3> <LI><a href="#[3]">NMI_Handler</a>&nbsp;&nbsp;&nbsp;&rArr;&nbsp;&nbsp;&nbsp;<a href="#[3]">NMI_Handler</a><BR>
 <LI><a href="#[4]">HardFault_Handler</a>&nbsp;&nbsp;&nbsp;&rArr;&nbsp;&nbsp;&nbsp;<a href="#[4]">HardFault_Handler</a><BR>
 <LI><a href="#[5]">MemManage_Handler</a>&nbsp;&nbsp;&nbsp;&rArr;&nbsp;&nbsp;&nbsp;<a href="#[5]">MemManage_Handler</a><BR>
 <LI><a href="#[6]">BusFault_Handler</a>&nbsp;&nbsp;&nbsp;&rArr;&nbsp;&nbsp;&nbsp;<a href="#[6]">BusFault_Handler</a><BR>
 <LI><a href="#[7]">UsageFault_Handler</a>&nbsp;&nbsp;&nbsp;&rArr;&nbsp;&nbsp;&nbsp;<a href="#[7]">UsageFault_Handler</a><BR>
 <LI><a href="#[8]">SVC_Handler</a>&nbsp;&nbsp;&nbsp;&rArr;&nbsp;&nbsp;&nbsp;<a href="#[8]">SVC_Handler</a><BR>
 <LI><a href="#[9]">DebugMon_Handler</a>&nbsp;&nbsp;&nbsp;&rArr;&nbsp;&nbsp;&nbsp;<a href="#[9]">DebugMon_Handler</a><BR>
 <LI><a href="#[a]">PendSV_Handler</a>&nbsp;&nbsp;&nbsp;&rArr;&nbsp;&nbsp;&nbsp;<a href="#[a]">PendSV_Handler</a><BR>
 <LI><a href="#[b]">SysTick_Handler</a>&nbsp;&nbsp;&nbsp;&rArr;&nbsp;&nbsp;&nbsp;<a href="#[b]">SysTick_Handler</a><BR>
 <LI><a href="#[c]">IRQ000_Handler</a>&nbsp;&nbsp;&nbsp;&rArr;&nbsp;&nbsp;&nbsp;<a href="#[c]">IRQ000_Handler</a><BR>
</UL>
<P>
<H3>
Function Pointers
</H3><UL>
 <LI><a href="#[6]">BusFault_Handler</a> from startup_hc32f460jeta.o(.text) referenced from startup_hc32f460jeta.o(RESET)
 <LI><a href="#[9]">DebugMon_Handler</a> from startup_hc32f460jeta.o(.text) referenced from startup_hc32f460jeta.o(RESET)
 <LI><a href="#[4]">HardFault_Handler</a> from startup_hc32f460jeta.o(.text) referenced from startup_hc32f460jeta.o(RESET)
 <LI><a href="#[c]">IRQ000_Handler</a> from startup_hc32f460jeta.o(.text) referenced from startup_hc32f460jeta.o(RESET)
 <LI><a href="#[d]">IRQ001_Handler</a> from startup_hc32f460jeta.o(.text) referenced from startup_hc32f460jeta.o(RESET)
 <LI><a href="#[e]">IRQ002_Handler</a> from startup_hc32f460jeta.o(.text) referenced from startup_hc32f460jeta.o(RESET)
 <LI><a href="#[f]">IRQ003_Handler</a> from startup_hc32f460jeta.o(.text) referenced from startup_hc32f460jeta.o(RESET)
 <LI><a href="#[10]">IRQ004_Handler</a> from startup_hc32f460jeta.o(.text) referenced from startup_hc32f460jeta.o(RESET)
 <LI><a href="#[11]">IRQ005_Handler</a> from startup_hc32f460jeta.o(.text) referenced from startup_hc32f460jeta.o(RESET)
 <LI><a href="#[12]">IRQ006_Handler</a> from startup_hc32f460jeta.o(.text) referenced from startup_hc32f460jeta.o(RESET)
 <LI><a href="#[13]">IRQ007_Handler</a> from startup_hc32f460jeta.o(.text) referenced from startup_hc32f460jeta.o(RESET)
 <LI><a href="#[14]">IRQ008_Handler</a> from startup_hc32f460jeta.o(.text) referenced from startup_hc32f460jeta.o(RESET)
 <LI><a href="#[15]">IRQ009_Handler</a> from startup_hc32f460jeta.o(.text) referenced from startup_hc32f460jeta.o(RESET)
 <LI><a href="#[16]">IRQ010_Handler</a> from startup_hc32f460jeta.o(.text) referenced from startup_hc32f460jeta.o(RESET)
 <LI><a href="#[17]">IRQ011_Handler</a> from startup_hc32f460jeta.o(.text) referenced from startup_hc32f460jeta.o(RESET)
 <LI><a href="#[18]">IRQ012_Handler</a> from startup_hc32f460jeta.o(.text) referenced from startup_hc32f460jeta.o(RESET)
 <LI><a href="#[19]">IRQ013_Handler</a> from startup_hc32f460jeta.o(.text) referenced from startup_hc32f460jeta.o(RESET)
 <LI><a href="#[1a]">IRQ014_Handler</a> from startup_hc32f460jeta.o(.text) referenced from startup_hc32f460jeta.o(RESET)
 <LI><a href="#[1b]">IRQ015_Handler</a> from startup_hc32f460jeta.o(.text) referenced from startup_hc32f460jeta.o(RESET)
 <LI><a href="#[1c]">IRQ016_Handler</a> from startup_hc32f460jeta.o(.text) referenced from startup_hc32f460jeta.o(RESET)
 <LI><a href="#[1d]">IRQ017_Handler</a> from startup_hc32f460jeta.o(.text) referenced from startup_hc32f460jeta.o(RESET)
 <LI><a href="#[1e]">IRQ018_Handler</a> from startup_hc32f460jeta.o(.text) referenced from startup_hc32f460jeta.o(RESET)
 <LI><a href="#[1f]">IRQ019_Handler</a> from startup_hc32f460jeta.o(.text) referenced from startup_hc32f460jeta.o(RESET)
 <LI><a href="#[20]">IRQ020_Handler</a> from startup_hc32f460jeta.o(.text) referenced from startup_hc32f460jeta.o(RESET)
 <LI><a href="#[21]">IRQ021_Handler</a> from startup_hc32f460jeta.o(.text) referenced from startup_hc32f460jeta.o(RESET)
 <LI><a href="#[22]">IRQ022_Handler</a> from startup_hc32f460jeta.o(.text) referenced from startup_hc32f460jeta.o(RESET)
 <LI><a href="#[23]">IRQ023_Handler</a> from startup_hc32f460jeta.o(.text) referenced from startup_hc32f460jeta.o(RESET)
 <LI><a href="#[24]">IRQ024_Handler</a> from startup_hc32f460jeta.o(.text) referenced from startup_hc32f460jeta.o(RESET)
 <LI><a href="#[25]">IRQ025_Handler</a> from startup_hc32f460jeta.o(.text) referenced from startup_hc32f460jeta.o(RESET)
 <LI><a href="#[26]">IRQ026_Handler</a> from startup_hc32f460jeta.o(.text) referenced from startup_hc32f460jeta.o(RESET)
 <LI><a href="#[27]">IRQ027_Handler</a> from startup_hc32f460jeta.o(.text) referenced from startup_hc32f460jeta.o(RESET)
 <LI><a href="#[28]">IRQ028_Handler</a> from startup_hc32f460jeta.o(.text) referenced from startup_hc32f460jeta.o(RESET)
 <LI><a href="#[29]">IRQ029_Handler</a> from startup_hc32f460jeta.o(.text) referenced from startup_hc32f460jeta.o(RESET)
 <LI><a href="#[2a]">IRQ030_Handler</a> from startup_hc32f460jeta.o(.text) referenced from startup_hc32f460jeta.o(RESET)
 <LI><a href="#[2b]">IRQ031_Handler</a> from startup_hc32f460jeta.o(.text) referenced from startup_hc32f460jeta.o(RESET)
 <LI><a href="#[2c]">IRQ032_Handler</a> from startup_hc32f460jeta.o(.text) referenced from startup_hc32f460jeta.o(RESET)
 <LI><a href="#[2d]">IRQ033_Handler</a> from startup_hc32f460jeta.o(.text) referenced from startup_hc32f460jeta.o(RESET)
 <LI><a href="#[2e]">IRQ034_Handler</a> from startup_hc32f460jeta.o(.text) referenced from startup_hc32f460jeta.o(RESET)
 <LI><a href="#[2f]">IRQ035_Handler</a> from startup_hc32f460jeta.o(.text) referenced from startup_hc32f460jeta.o(RESET)
 <LI><a href="#[30]">IRQ036_Handler</a> from startup_hc32f460jeta.o(.text) referenced from startup_hc32f460jeta.o(RESET)
 <LI><a href="#[31]">IRQ037_Handler</a> from startup_hc32f460jeta.o(.text) referenced from startup_hc32f460jeta.o(RESET)
 <LI><a href="#[32]">IRQ038_Handler</a> from startup_hc32f460jeta.o(.text) referenced from startup_hc32f460jeta.o(RESET)
 <LI><a href="#[33]">IRQ039_Handler</a> from startup_hc32f460jeta.o(.text) referenced from startup_hc32f460jeta.o(RESET)
 <LI><a href="#[34]">IRQ040_Handler</a> from startup_hc32f460jeta.o(.text) referenced from startup_hc32f460jeta.o(RESET)
 <LI><a href="#[35]">IRQ041_Handler</a> from startup_hc32f460jeta.o(.text) referenced from startup_hc32f460jeta.o(RESET)
 <LI><a href="#[36]">IRQ042_Handler</a> from startup_hc32f460jeta.o(.text) referenced from startup_hc32f460jeta.o(RESET)
 <LI><a href="#[37]">IRQ043_Handler</a> from startup_hc32f460jeta.o(.text) referenced from startup_hc32f460jeta.o(RESET)
 <LI><a href="#[38]">IRQ044_Handler</a> from startup_hc32f460jeta.o(.text) referenced from startup_hc32f460jeta.o(RESET)
 <LI><a href="#[39]">IRQ045_Handler</a> from startup_hc32f460jeta.o(.text) referenced from startup_hc32f460jeta.o(RESET)
 <LI><a href="#[3a]">IRQ046_Handler</a> from startup_hc32f460jeta.o(.text) referenced from startup_hc32f460jeta.o(RESET)
 <LI><a href="#[3b]">IRQ047_Handler</a> from startup_hc32f460jeta.o(.text) referenced from startup_hc32f460jeta.o(RESET)
 <LI><a href="#[3c]">IRQ048_Handler</a> from startup_hc32f460jeta.o(.text) referenced from startup_hc32f460jeta.o(RESET)
 <LI><a href="#[3d]">IRQ049_Handler</a> from startup_hc32f460jeta.o(.text) referenced from startup_hc32f460jeta.o(RESET)
 <LI><a href="#[3e]">IRQ050_Handler</a> from startup_hc32f460jeta.o(.text) referenced from startup_hc32f460jeta.o(RESET)
 <LI><a href="#[3f]">IRQ051_Handler</a> from startup_hc32f460jeta.o(.text) referenced from startup_hc32f460jeta.o(RESET)
 <LI><a href="#[40]">IRQ052_Handler</a> from startup_hc32f460jeta.o(.text) referenced from startup_hc32f460jeta.o(RESET)
 <LI><a href="#[41]">IRQ053_Handler</a> from startup_hc32f460jeta.o(.text) referenced from startup_hc32f460jeta.o(RESET)
 <LI><a href="#[42]">IRQ054_Handler</a> from startup_hc32f460jeta.o(.text) referenced from startup_hc32f460jeta.o(RESET)
 <LI><a href="#[43]">IRQ055_Handler</a> from startup_hc32f460jeta.o(.text) referenced from startup_hc32f460jeta.o(RESET)
 <LI><a href="#[44]">IRQ056_Handler</a> from startup_hc32f460jeta.o(.text) referenced from startup_hc32f460jeta.o(RESET)
 <LI><a href="#[45]">IRQ057_Handler</a> from startup_hc32f460jeta.o(.text) referenced from startup_hc32f460jeta.o(RESET)
 <LI><a href="#[46]">IRQ058_Handler</a> from startup_hc32f460jeta.o(.text) referenced from startup_hc32f460jeta.o(RESET)
 <LI><a href="#[47]">IRQ059_Handler</a> from startup_hc32f460jeta.o(.text) referenced from startup_hc32f460jeta.o(RESET)
 <LI><a href="#[48]">IRQ060_Handler</a> from startup_hc32f460jeta.o(.text) referenced from startup_hc32f460jeta.o(RESET)
 <LI><a href="#[49]">IRQ061_Handler</a> from startup_hc32f460jeta.o(.text) referenced from startup_hc32f460jeta.o(RESET)
 <LI><a href="#[4a]">IRQ062_Handler</a> from startup_hc32f460jeta.o(.text) referenced from startup_hc32f460jeta.o(RESET)
 <LI><a href="#[4b]">IRQ063_Handler</a> from startup_hc32f460jeta.o(.text) referenced from startup_hc32f460jeta.o(RESET)
 <LI><a href="#[4c]">IRQ064_Handler</a> from startup_hc32f460jeta.o(.text) referenced from startup_hc32f460jeta.o(RESET)
 <LI><a href="#[4d]">IRQ065_Handler</a> from startup_hc32f460jeta.o(.text) referenced from startup_hc32f460jeta.o(RESET)
 <LI><a href="#[4e]">IRQ066_Handler</a> from startup_hc32f460jeta.o(.text) referenced from startup_hc32f460jeta.o(RESET)
 <LI><a href="#[4f]">IRQ067_Handler</a> from startup_hc32f460jeta.o(.text) referenced from startup_hc32f460jeta.o(RESET)
 <LI><a href="#[50]">IRQ068_Handler</a> from startup_hc32f460jeta.o(.text) referenced from startup_hc32f460jeta.o(RESET)
 <LI><a href="#[51]">IRQ069_Handler</a> from startup_hc32f460jeta.o(.text) referenced from startup_hc32f460jeta.o(RESET)
 <LI><a href="#[52]">IRQ070_Handler</a> from startup_hc32f460jeta.o(.text) referenced from startup_hc32f460jeta.o(RESET)
 <LI><a href="#[53]">IRQ071_Handler</a> from startup_hc32f460jeta.o(.text) referenced from startup_hc32f460jeta.o(RESET)
 <LI><a href="#[54]">IRQ072_Handler</a> from startup_hc32f460jeta.o(.text) referenced from startup_hc32f460jeta.o(RESET)
 <LI><a href="#[55]">IRQ073_Handler</a> from startup_hc32f460jeta.o(.text) referenced from startup_hc32f460jeta.o(RESET)
 <LI><a href="#[56]">IRQ074_Handler</a> from startup_hc32f460jeta.o(.text) referenced from startup_hc32f460jeta.o(RESET)
 <LI><a href="#[57]">IRQ075_Handler</a> from startup_hc32f460jeta.o(.text) referenced from startup_hc32f460jeta.o(RESET)
 <LI><a href="#[58]">IRQ076_Handler</a> from startup_hc32f460jeta.o(.text) referenced from startup_hc32f460jeta.o(RESET)
 <LI><a href="#[59]">IRQ077_Handler</a> from startup_hc32f460jeta.o(.text) referenced from startup_hc32f460jeta.o(RESET)
 <LI><a href="#[5a]">IRQ078_Handler</a> from startup_hc32f460jeta.o(.text) referenced from startup_hc32f460jeta.o(RESET)
 <LI><a href="#[5b]">IRQ079_Handler</a> from startup_hc32f460jeta.o(.text) referenced from startup_hc32f460jeta.o(RESET)
 <LI><a href="#[5c]">IRQ080_Handler</a> from startup_hc32f460jeta.o(.text) referenced from startup_hc32f460jeta.o(RESET)
 <LI><a href="#[5d]">IRQ081_Handler</a> from startup_hc32f460jeta.o(.text) referenced from startup_hc32f460jeta.o(RESET)
 <LI><a href="#[5e]">IRQ082_Handler</a> from startup_hc32f460jeta.o(.text) referenced from startup_hc32f460jeta.o(RESET)
 <LI><a href="#[5f]">IRQ083_Handler</a> from startup_hc32f460jeta.o(.text) referenced from startup_hc32f460jeta.o(RESET)
 <LI><a href="#[60]">IRQ084_Handler</a> from startup_hc32f460jeta.o(.text) referenced from startup_hc32f460jeta.o(RESET)
 <LI><a href="#[61]">IRQ085_Handler</a> from startup_hc32f460jeta.o(.text) referenced from startup_hc32f460jeta.o(RESET)
 <LI><a href="#[62]">IRQ086_Handler</a> from startup_hc32f460jeta.o(.text) referenced from startup_hc32f460jeta.o(RESET)
 <LI><a href="#[63]">IRQ087_Handler</a> from startup_hc32f460jeta.o(.text) referenced from startup_hc32f460jeta.o(RESET)
 <LI><a href="#[64]">IRQ088_Handler</a> from startup_hc32f460jeta.o(.text) referenced from startup_hc32f460jeta.o(RESET)
 <LI><a href="#[65]">IRQ089_Handler</a> from startup_hc32f460jeta.o(.text) referenced from startup_hc32f460jeta.o(RESET)
 <LI><a href="#[66]">IRQ090_Handler</a> from startup_hc32f460jeta.o(.text) referenced from startup_hc32f460jeta.o(RESET)
 <LI><a href="#[67]">IRQ091_Handler</a> from startup_hc32f460jeta.o(.text) referenced from startup_hc32f460jeta.o(RESET)
 <LI><a href="#[68]">IRQ092_Handler</a> from startup_hc32f460jeta.o(.text) referenced from startup_hc32f460jeta.o(RESET)
 <LI><a href="#[69]">IRQ093_Handler</a> from startup_hc32f460jeta.o(.text) referenced from startup_hc32f460jeta.o(RESET)
 <LI><a href="#[6a]">IRQ094_Handler</a> from startup_hc32f460jeta.o(.text) referenced from startup_hc32f460jeta.o(RESET)
 <LI><a href="#[6b]">IRQ095_Handler</a> from startup_hc32f460jeta.o(.text) referenced from startup_hc32f460jeta.o(RESET)
 <LI><a href="#[6c]">IRQ096_Handler</a> from startup_hc32f460jeta.o(.text) referenced from startup_hc32f460jeta.o(RESET)
 <LI><a href="#[6d]">IRQ097_Handler</a> from startup_hc32f460jeta.o(.text) referenced from startup_hc32f460jeta.o(RESET)
 <LI><a href="#[6e]">IRQ098_Handler</a> from startup_hc32f460jeta.o(.text) referenced from startup_hc32f460jeta.o(RESET)
 <LI><a href="#[6f]">IRQ099_Handler</a> from startup_hc32f460jeta.o(.text) referenced from startup_hc32f460jeta.o(RESET)
 <LI><a href="#[70]">IRQ100_Handler</a> from startup_hc32f460jeta.o(.text) referenced from startup_hc32f460jeta.o(RESET)
 <LI><a href="#[71]">IRQ101_Handler</a> from startup_hc32f460jeta.o(.text) referenced from startup_hc32f460jeta.o(RESET)
 <LI><a href="#[72]">IRQ102_Handler</a> from startup_hc32f460jeta.o(.text) referenced from startup_hc32f460jeta.o(RESET)
 <LI><a href="#[73]">IRQ103_Handler</a> from startup_hc32f460jeta.o(.text) referenced from startup_hc32f460jeta.o(RESET)
 <LI><a href="#[74]">IRQ104_Handler</a> from startup_hc32f460jeta.o(.text) referenced from startup_hc32f460jeta.o(RESET)
 <LI><a href="#[75]">IRQ105_Handler</a> from startup_hc32f460jeta.o(.text) referenced from startup_hc32f460jeta.o(RESET)
 <LI><a href="#[76]">IRQ106_Handler</a> from startup_hc32f460jeta.o(.text) referenced from startup_hc32f460jeta.o(RESET)
 <LI><a href="#[77]">IRQ107_Handler</a> from startup_hc32f460jeta.o(.text) referenced from startup_hc32f460jeta.o(RESET)
 <LI><a href="#[78]">IRQ108_Handler</a> from startup_hc32f460jeta.o(.text) referenced from startup_hc32f460jeta.o(RESET)
 <LI><a href="#[79]">IRQ109_Handler</a> from startup_hc32f460jeta.o(.text) referenced from startup_hc32f460jeta.o(RESET)
 <LI><a href="#[7a]">IRQ110_Handler</a> from startup_hc32f460jeta.o(.text) referenced from startup_hc32f460jeta.o(RESET)
 <LI><a href="#[7b]">IRQ111_Handler</a> from startup_hc32f460jeta.o(.text) referenced from startup_hc32f460jeta.o(RESET)
 <LI><a href="#[7c]">IRQ112_Handler</a> from startup_hc32f460jeta.o(.text) referenced from startup_hc32f460jeta.o(RESET)
 <LI><a href="#[7d]">IRQ113_Handler</a> from startup_hc32f460jeta.o(.text) referenced from startup_hc32f460jeta.o(RESET)
 <LI><a href="#[7e]">IRQ114_Handler</a> from startup_hc32f460jeta.o(.text) referenced from startup_hc32f460jeta.o(RESET)
 <LI><a href="#[7f]">IRQ115_Handler</a> from startup_hc32f460jeta.o(.text) referenced from startup_hc32f460jeta.o(RESET)
 <LI><a href="#[80]">IRQ116_Handler</a> from startup_hc32f460jeta.o(.text) referenced from startup_hc32f460jeta.o(RESET)
 <LI><a href="#[81]">IRQ117_Handler</a> from startup_hc32f460jeta.o(.text) referenced from startup_hc32f460jeta.o(RESET)
 <LI><a href="#[82]">IRQ118_Handler</a> from startup_hc32f460jeta.o(.text) referenced from startup_hc32f460jeta.o(RESET)
 <LI><a href="#[83]">IRQ119_Handler</a> from startup_hc32f460jeta.o(.text) referenced from startup_hc32f460jeta.o(RESET)
 <LI><a href="#[84]">IRQ120_Handler</a> from startup_hc32f460jeta.o(.text) referenced from startup_hc32f460jeta.o(RESET)
 <LI><a href="#[85]">IRQ121_Handler</a> from startup_hc32f460jeta.o(.text) referenced from startup_hc32f460jeta.o(RESET)
 <LI><a href="#[86]">IRQ122_Handler</a> from startup_hc32f460jeta.o(.text) referenced from startup_hc32f460jeta.o(RESET)
 <LI><a href="#[87]">IRQ123_Handler</a> from startup_hc32f460jeta.o(.text) referenced from startup_hc32f460jeta.o(RESET)
 <LI><a href="#[88]">IRQ124_Handler</a> from startup_hc32f460jeta.o(.text) referenced from startup_hc32f460jeta.o(RESET)
 <LI><a href="#[89]">IRQ125_Handler</a> from startup_hc32f460jeta.o(.text) referenced from startup_hc32f460jeta.o(RESET)
 <LI><a href="#[8a]">IRQ126_Handler</a> from startup_hc32f460jeta.o(.text) referenced from startup_hc32f460jeta.o(RESET)
 <LI><a href="#[8b]">IRQ127_Handler</a> from startup_hc32f460jeta.o(.text) referenced from startup_hc32f460jeta.o(RESET)
 <LI><a href="#[8c]">IRQ128_Handler</a> from startup_hc32f460jeta.o(.text) referenced from startup_hc32f460jeta.o(RESET)
 <LI><a href="#[8d]">IRQ129_Handler</a> from startup_hc32f460jeta.o(.text) referenced from startup_hc32f460jeta.o(RESET)
 <LI><a href="#[8e]">IRQ130_Handler</a> from startup_hc32f460jeta.o(.text) referenced from startup_hc32f460jeta.o(RESET)
 <LI><a href="#[8f]">IRQ131_Handler</a> from startup_hc32f460jeta.o(.text) referenced from startup_hc32f460jeta.o(RESET)
 <LI><a href="#[90]">IRQ132_Handler</a> from startup_hc32f460jeta.o(.text) referenced from startup_hc32f460jeta.o(RESET)
 <LI><a href="#[91]">IRQ133_Handler</a> from startup_hc32f460jeta.o(.text) referenced from startup_hc32f460jeta.o(RESET)
 <LI><a href="#[92]">IRQ134_Handler</a> from startup_hc32f460jeta.o(.text) referenced from startup_hc32f460jeta.o(RESET)
 <LI><a href="#[93]">IRQ135_Handler</a> from startup_hc32f460jeta.o(.text) referenced from startup_hc32f460jeta.o(RESET)
 <LI><a href="#[94]">IRQ136_Handler</a> from startup_hc32f460jeta.o(.text) referenced from startup_hc32f460jeta.o(RESET)
 <LI><a href="#[95]">IRQ137_Handler</a> from startup_hc32f460jeta.o(.text) referenced from startup_hc32f460jeta.o(RESET)
 <LI><a href="#[96]">IRQ138_Handler</a> from startup_hc32f460jeta.o(.text) referenced from startup_hc32f460jeta.o(RESET)
 <LI><a href="#[97]">IRQ139_Handler</a> from startup_hc32f460jeta.o(.text) referenced from startup_hc32f460jeta.o(RESET)
 <LI><a href="#[98]">IRQ140_Handler</a> from startup_hc32f460jeta.o(.text) referenced from startup_hc32f460jeta.o(RESET)
 <LI><a href="#[99]">IRQ141_Handler</a> from startup_hc32f460jeta.o(.text) referenced from startup_hc32f460jeta.o(RESET)
 <LI><a href="#[9a]">IRQ142_Handler</a> from startup_hc32f460jeta.o(.text) referenced from startup_hc32f460jeta.o(RESET)
 <LI><a href="#[9b]">IRQ143_Handler</a> from startup_hc32f460jeta.o(.text) referenced from startup_hc32f460jeta.o(RESET)
 <LI><a href="#[5]">MemManage_Handler</a> from startup_hc32f460jeta.o(.text) referenced from startup_hc32f460jeta.o(RESET)
 <LI><a href="#[3]">NMI_Handler</a> from startup_hc32f460jeta.o(.text) referenced from startup_hc32f460jeta.o(RESET)
 <LI><a href="#[a]">PendSV_Handler</a> from startup_hc32f460jeta.o(.text) referenced from startup_hc32f460jeta.o(RESET)
 <LI><a href="#[2]">Reset_Handler</a> from startup_hc32f460jeta.o(.text) referenced from startup_hc32f460jeta.o(RESET)
 <LI><a href="#[8]">SVC_Handler</a> from startup_hc32f460jeta.o(.text) referenced from startup_hc32f460jeta.o(RESET)
 <LI><a href="#[b]">SysTick_Handler</a> from startup_hc32f460jeta.o(.text) referenced from startup_hc32f460jeta.o(RESET)
 <LI><a href="#[9c]">SystemInit</a> from system_hc32f460.o(i.SystemInit) referenced from startup_hc32f460jeta.o(.text)
 <LI><a href="#[7]">UsageFault_Handler</a> from startup_hc32f460jeta.o(.text) referenced from startup_hc32f460jeta.o(RESET)
 <LI><a href="#[9e]">__main</a> from __main.o(!!!main) referenced from startup_hc32f460jeta.o(.text)
</UL>
<P>
<H3>
Global Symbols
</H3>
<P><STRONG><a name="[9e]"></a>__main</STRONG> (Thumb, 8 bytes, Stack size 0 bytes, __main.o(!!!main))
<BR><BR>[Calls]<UL><LI><a href="#[a0]">&gt;&gt;</a>&nbsp;&nbsp;&nbsp;__rt_entry
<LI><a href="#[9f]">&gt;&gt;</a>&nbsp;&nbsp;&nbsp;__scatterload
</UL>

<P><STRONG><a name="[9f]"></a>__scatterload</STRONG> (Thumb, 0 bytes, Stack size unknown bytes, __scatter.o(!!!scatter))
<BR><BR>[Called By]<UL><LI><a href="#[9e]">&gt;&gt;</a>&nbsp;&nbsp;&nbsp;__main
</UL>

<P><STRONG><a name="[a1]"></a>__scatterload_rt2</STRONG> (Thumb, 44 bytes, Stack size unknown bytes, __scatter.o(!!!scatter), UNUSED)
<BR><BR>[Calls]<UL><LI><a href="#[a0]">&gt;&gt;</a>&nbsp;&nbsp;&nbsp;__rt_entry
</UL>

<P><STRONG><a name="[b4]"></a>__scatterload_rt2_thumb_only</STRONG> (Thumb, 0 bytes, Stack size unknown bytes, __scatter.o(!!!scatter), UNUSED)

<P><STRONG><a name="[b5]"></a>__scatterload_null</STRONG> (Thumb, 0 bytes, Stack size unknown bytes, __scatter.o(!!!scatter), UNUSED)

<P><STRONG><a name="[a2]"></a>__scatterload_copy</STRONG> (Thumb, 26 bytes, Stack size unknown bytes, __scatter_copy.o(!!handler_copy), UNUSED)
<BR><BR>[Calls]<UL><LI><a href="#[a2]">&gt;&gt;</a>&nbsp;&nbsp;&nbsp;__scatterload_copy
</UL>
<BR>[Called By]<UL><LI><a href="#[a2]">&gt;&gt;</a>&nbsp;&nbsp;&nbsp;__scatterload_copy
</UL>

<P><STRONG><a name="[b6]"></a>__scatterload_zeroinit</STRONG> (Thumb, 28 bytes, Stack size unknown bytes, __scatter_zi.o(!!handler_zi), UNUSED)

<P><STRONG><a name="[a8]"></a>__rt_lib_init</STRONG> (Thumb, 0 bytes, Stack size unknown bytes, libinit.o(.ARM.Collect$$libinit$$00000000))
<BR><BR>[Called By]<UL><LI><a href="#[a7]">&gt;&gt;</a>&nbsp;&nbsp;&nbsp;__rt_entry_li
</UL>

<P><STRONG><a name="[a3]"></a>__rt_lib_init_fp_1</STRONG> (Thumb, 0 bytes, Stack size unknown bytes, libinit2.o(.ARM.Collect$$libinit$$00000001))
<BR><BR>[Calls]<UL><LI><a href="#[a4]">&gt;&gt;</a>&nbsp;&nbsp;&nbsp;_fp_init
</UL>

<P><STRONG><a name="[b7]"></a>__rt_lib_init_alloca_1</STRONG> (Thumb, 0 bytes, Stack size unknown bytes, libinit2.o(.ARM.Collect$$libinit$$0000002E))

<P><STRONG><a name="[b8]"></a>__rt_lib_init_argv_1</STRONG> (Thumb, 0 bytes, Stack size unknown bytes, libinit2.o(.ARM.Collect$$libinit$$0000002C))

<P><STRONG><a name="[b9]"></a>__rt_lib_init_atexit_1</STRONG> (Thumb, 0 bytes, Stack size unknown bytes, libinit2.o(.ARM.Collect$$libinit$$0000001B))

<P><STRONG><a name="[ba]"></a>__rt_lib_init_clock_1</STRONG> (Thumb, 0 bytes, Stack size unknown bytes, libinit2.o(.ARM.Collect$$libinit$$00000021))

<P><STRONG><a name="[bb]"></a>__rt_lib_init_cpp_1</STRONG> (Thumb, 0 bytes, Stack size unknown bytes, libinit2.o(.ARM.Collect$$libinit$$00000032))

<P><STRONG><a name="[bc]"></a>__rt_lib_init_exceptions_1</STRONG> (Thumb, 0 bytes, Stack size unknown bytes, libinit2.o(.ARM.Collect$$libinit$$00000030))

<P><STRONG><a name="[bd]"></a>__rt_lib_init_fp_trap_1</STRONG> (Thumb, 0 bytes, Stack size unknown bytes, libinit2.o(.ARM.Collect$$libinit$$0000001F))

<P><STRONG><a name="[be]"></a>__rt_lib_init_getenv_1</STRONG> (Thumb, 0 bytes, Stack size unknown bytes, libinit2.o(.ARM.Collect$$libinit$$00000023))

<P><STRONG><a name="[bf]"></a>__rt_lib_init_heap_1</STRONG> (Thumb, 0 bytes, Stack size unknown bytes, libinit2.o(.ARM.Collect$$libinit$$0000000A))

<P><STRONG><a name="[c0]"></a>__rt_lib_init_lc_collate_1</STRONG> (Thumb, 0 bytes, Stack size unknown bytes, libinit2.o(.ARM.Collect$$libinit$$00000011))

<P><STRONG><a name="[c1]"></a>__rt_lib_init_lc_ctype_1</STRONG> (Thumb, 0 bytes, Stack size unknown bytes, libinit2.o(.ARM.Collect$$libinit$$00000013))

<P><STRONG><a name="[c2]"></a>__rt_lib_init_lc_monetary_1</STRONG> (Thumb, 0 bytes, Stack size unknown bytes, libinit2.o(.ARM.Collect$$libinit$$00000015))

<P><STRONG><a name="[c3]"></a>__rt_lib_init_lc_numeric_1</STRONG> (Thumb, 0 bytes, Stack size unknown bytes, libinit2.o(.ARM.Collect$$libinit$$00000017))

<P><STRONG><a name="[c4]"></a>__rt_lib_init_lc_time_1</STRONG> (Thumb, 0 bytes, Stack size unknown bytes, libinit2.o(.ARM.Collect$$libinit$$00000019))

<P><STRONG><a name="[c5]"></a>__rt_lib_init_preinit_1</STRONG> (Thumb, 0 bytes, Stack size unknown bytes, libinit2.o(.ARM.Collect$$libinit$$00000004))

<P><STRONG><a name="[c6]"></a>__rt_lib_init_rand_1</STRONG> (Thumb, 0 bytes, Stack size unknown bytes, libinit2.o(.ARM.Collect$$libinit$$0000000E))

<P><STRONG><a name="[c7]"></a>__rt_lib_init_return</STRONG> (Thumb, 0 bytes, Stack size unknown bytes, libinit2.o(.ARM.Collect$$libinit$$00000033))

<P><STRONG><a name="[c8]"></a>__rt_lib_init_signal_1</STRONG> (Thumb, 0 bytes, Stack size unknown bytes, libinit2.o(.ARM.Collect$$libinit$$0000001D))

<P><STRONG><a name="[c9]"></a>__rt_lib_init_stdio_1</STRONG> (Thumb, 0 bytes, Stack size unknown bytes, libinit2.o(.ARM.Collect$$libinit$$00000025))

<P><STRONG><a name="[ca]"></a>__rt_lib_init_user_alloc_1</STRONG> (Thumb, 0 bytes, Stack size unknown bytes, libinit2.o(.ARM.Collect$$libinit$$0000000C))

<P><STRONG><a name="[ad]"></a>__rt_lib_shutdown</STRONG> (Thumb, 0 bytes, Stack size unknown bytes, libshutdown.o(.ARM.Collect$$libshutdown$$00000000))
<BR><BR>[Called By]<UL><LI><a href="#[ac]">&gt;&gt;</a>&nbsp;&nbsp;&nbsp;__rt_exit_ls
</UL>

<P><STRONG><a name="[cb]"></a>__rt_lib_shutdown_cpp_1</STRONG> (Thumb, 0 bytes, Stack size unknown bytes, libshutdown2.o(.ARM.Collect$$libshutdown$$00000002))

<P><STRONG><a name="[cc]"></a>__rt_lib_shutdown_fp_trap_1</STRONG> (Thumb, 0 bytes, Stack size unknown bytes, libshutdown2.o(.ARM.Collect$$libshutdown$$00000007))

<P><STRONG><a name="[cd]"></a>__rt_lib_shutdown_heap_1</STRONG> (Thumb, 0 bytes, Stack size unknown bytes, libshutdown2.o(.ARM.Collect$$libshutdown$$0000000F))

<P><STRONG><a name="[ce]"></a>__rt_lib_shutdown_return</STRONG> (Thumb, 0 bytes, Stack size unknown bytes, libshutdown2.o(.ARM.Collect$$libshutdown$$00000010))

<P><STRONG><a name="[cf]"></a>__rt_lib_shutdown_signal_1</STRONG> (Thumb, 0 bytes, Stack size unknown bytes, libshutdown2.o(.ARM.Collect$$libshutdown$$0000000A))

<P><STRONG><a name="[d0]"></a>__rt_lib_shutdown_stdio_1</STRONG> (Thumb, 0 bytes, Stack size unknown bytes, libshutdown2.o(.ARM.Collect$$libshutdown$$00000004))

<P><STRONG><a name="[d1]"></a>__rt_lib_shutdown_user_alloc_1</STRONG> (Thumb, 0 bytes, Stack size unknown bytes, libshutdown2.o(.ARM.Collect$$libshutdown$$0000000C))

<P><STRONG><a name="[a0]"></a>__rt_entry</STRONG> (Thumb, 0 bytes, Stack size unknown bytes, __rtentry.o(.ARM.Collect$$rtentry$$00000000))
<BR><BR>[Called By]<UL><LI><a href="#[9e]">&gt;&gt;</a>&nbsp;&nbsp;&nbsp;__main
<LI><a href="#[a1]">&gt;&gt;</a>&nbsp;&nbsp;&nbsp;__scatterload_rt2
</UL>

<P><STRONG><a name="[d2]"></a>__rt_entry_presh_1</STRONG> (Thumb, 0 bytes, Stack size unknown bytes, __rtentry2.o(.ARM.Collect$$rtentry$$00000002))

<P><STRONG><a name="[a5]"></a>__rt_entry_sh</STRONG> (Thumb, 0 bytes, Stack size unknown bytes, __rtentry4.o(.ARM.Collect$$rtentry$$00000004))
<BR><BR>[Stack]<UL><LI>Max Depth = 8 + Unknown Stack Size
<LI>Call Chain = __rt_entry_sh &rArr; __user_setup_stackheap
</UL>
<BR>[Calls]<UL><LI><a href="#[a6]">&gt;&gt;</a>&nbsp;&nbsp;&nbsp;__user_setup_stackheap
</UL>

<P><STRONG><a name="[a7]"></a>__rt_entry_li</STRONG> (Thumb, 0 bytes, Stack size unknown bytes, __rtentry2.o(.ARM.Collect$$rtentry$$0000000A))
<BR><BR>[Calls]<UL><LI><a href="#[a8]">&gt;&gt;</a>&nbsp;&nbsp;&nbsp;__rt_lib_init
</UL>

<P><STRONG><a name="[d3]"></a>__rt_entry_postsh_1</STRONG> (Thumb, 0 bytes, Stack size unknown bytes, __rtentry2.o(.ARM.Collect$$rtentry$$00000009))

<P><STRONG><a name="[a9]"></a>__rt_entry_main</STRONG> (Thumb, 0 bytes, Stack size unknown bytes, __rtentry2.o(.ARM.Collect$$rtentry$$0000000D))
<BR><BR>[Stack]<UL><LI>Max Depth = 8 + Unknown Stack Size
<LI>Call Chain = __rt_entry_main &rArr; exit
</UL>
<BR>[Calls]<UL><LI><a href="#[ab]">&gt;&gt;</a>&nbsp;&nbsp;&nbsp;exit
<LI><a href="#[aa]">&gt;&gt;</a>&nbsp;&nbsp;&nbsp;main
</UL>

<P><STRONG><a name="[d4]"></a>__rt_entry_postli_1</STRONG> (Thumb, 0 bytes, Stack size unknown bytes, __rtentry2.o(.ARM.Collect$$rtentry$$0000000C))

<P><STRONG><a name="[b2]"></a>__rt_exit</STRONG> (Thumb, 0 bytes, Stack size unknown bytes, rtexit.o(.ARM.Collect$$rtexit$$00000000))
<BR><BR>[Called By]<UL><LI><a href="#[ab]">&gt;&gt;</a>&nbsp;&nbsp;&nbsp;exit
</UL>

<P><STRONG><a name="[ac]"></a>__rt_exit_ls</STRONG> (Thumb, 0 bytes, Stack size unknown bytes, rtexit2.o(.ARM.Collect$$rtexit$$00000003))
<BR><BR>[Calls]<UL><LI><a href="#[ad]">&gt;&gt;</a>&nbsp;&nbsp;&nbsp;__rt_lib_shutdown
</UL>

<P><STRONG><a name="[d5]"></a>__rt_exit_prels_1</STRONG> (Thumb, 0 bytes, Stack size unknown bytes, rtexit2.o(.ARM.Collect$$rtexit$$00000002))

<P><STRONG><a name="[ae]"></a>__rt_exit_exit</STRONG> (Thumb, 0 bytes, Stack size unknown bytes, rtexit2.o(.ARM.Collect$$rtexit$$00000004))
<BR><BR>[Calls]<UL><LI><a href="#[af]">&gt;&gt;</a>&nbsp;&nbsp;&nbsp;_sys_exit
</UL>

<P><STRONG><a name="[2]"></a>Reset_Handler</STRONG> (Thumb, 48 bytes, Stack size 0 bytes, startup_hc32f460jeta.o(.text))
<BR>[Address Reference Count : 1]<UL><LI> startup_hc32f460jeta.o(RESET)
</UL>
<P><STRONG><a name="[3]"></a>NMI_Handler</STRONG> (Thumb, 2 bytes, Stack size 0 bytes, startup_hc32f460jeta.o(.text))
<BR><BR>[Calls]<UL><LI><a href="#[3]">&gt;&gt;</a>&nbsp;&nbsp;&nbsp;NMI_Handler
</UL>
<BR>[Called By]<UL><LI><a href="#[3]">&gt;&gt;</a>&nbsp;&nbsp;&nbsp;NMI_Handler
</UL>
<BR>[Address Reference Count : 1]<UL><LI> startup_hc32f460jeta.o(RESET)
</UL>
<P><STRONG><a name="[4]"></a>HardFault_Handler</STRONG> (Thumb, 2 bytes, Stack size 0 bytes, startup_hc32f460jeta.o(.text))
<BR><BR>[Calls]<UL><LI><a href="#[4]">&gt;&gt;</a>&nbsp;&nbsp;&nbsp;HardFault_Handler
</UL>
<BR>[Called By]<UL><LI><a href="#[4]">&gt;&gt;</a>&nbsp;&nbsp;&nbsp;HardFault_Handler
</UL>
<BR>[Address Reference Count : 1]<UL><LI> startup_hc32f460jeta.o(RESET)
</UL>
<P><STRONG><a name="[5]"></a>MemManage_Handler</STRONG> (Thumb, 2 bytes, Stack size 0 bytes, startup_hc32f460jeta.o(.text))
<BR><BR>[Calls]<UL><LI><a href="#[5]">&gt;&gt;</a>&nbsp;&nbsp;&nbsp;MemManage_Handler
</UL>
<BR>[Called By]<UL><LI><a href="#[5]">&gt;&gt;</a>&nbsp;&nbsp;&nbsp;MemManage_Handler
</UL>
<BR>[Address Reference Count : 1]<UL><LI> startup_hc32f460jeta.o(RESET)
</UL>
<P><STRONG><a name="[6]"></a>BusFault_Handler</STRONG> (Thumb, 2 bytes, Stack size 0 bytes, startup_hc32f460jeta.o(.text))
<BR><BR>[Calls]<UL><LI><a href="#[6]">&gt;&gt;</a>&nbsp;&nbsp;&nbsp;BusFault_Handler
</UL>
<BR>[Called By]<UL><LI><a href="#[6]">&gt;&gt;</a>&nbsp;&nbsp;&nbsp;BusFault_Handler
</UL>
<BR>[Address Reference Count : 1]<UL><LI> startup_hc32f460jeta.o(RESET)
</UL>
<P><STRONG><a name="[7]"></a>UsageFault_Handler</STRONG> (Thumb, 2 bytes, Stack size 0 bytes, startup_hc32f460jeta.o(.text))
<BR><BR>[Calls]<UL><LI><a href="#[7]">&gt;&gt;</a>&nbsp;&nbsp;&nbsp;UsageFault_Handler
</UL>
<BR>[Called By]<UL><LI><a href="#[7]">&gt;&gt;</a>&nbsp;&nbsp;&nbsp;UsageFault_Handler
</UL>
<BR>[Address Reference Count : 1]<UL><LI> startup_hc32f460jeta.o(RESET)
</UL>
<P><STRONG><a name="[8]"></a>SVC_Handler</STRONG> (Thumb, 2 bytes, Stack size 0 bytes, startup_hc32f460jeta.o(.text))
<BR><BR>[Calls]<UL><LI><a href="#[8]">&gt;&gt;</a>&nbsp;&nbsp;&nbsp;SVC_Handler
</UL>
<BR>[Called By]<UL><LI><a href="#[8]">&gt;&gt;</a>&nbsp;&nbsp;&nbsp;SVC_Handler
</UL>
<BR>[Address Reference Count : 1]<UL><LI> startup_hc32f460jeta.o(RESET)
</UL>
<P><STRONG><a name="[9]"></a>DebugMon_Handler</STRONG> (Thumb, 2 bytes, Stack size 0 bytes, startup_hc32f460jeta.o(.text))
<BR><BR>[Calls]<UL><LI><a href="#[9]">&gt;&gt;</a>&nbsp;&nbsp;&nbsp;DebugMon_Handler
</UL>
<BR>[Called By]<UL><LI><a href="#[9]">&gt;&gt;</a>&nbsp;&nbsp;&nbsp;DebugMon_Handler
</UL>
<BR>[Address Reference Count : 1]<UL><LI> startup_hc32f460jeta.o(RESET)
</UL>
<P><STRONG><a name="[a]"></a>PendSV_Handler</STRONG> (Thumb, 2 bytes, Stack size 0 bytes, startup_hc32f460jeta.o(.text))
<BR><BR>[Calls]<UL><LI><a href="#[a]">&gt;&gt;</a>&nbsp;&nbsp;&nbsp;PendSV_Handler
</UL>
<BR>[Called By]<UL><LI><a href="#[a]">&gt;&gt;</a>&nbsp;&nbsp;&nbsp;PendSV_Handler
</UL>
<BR>[Address Reference Count : 1]<UL><LI> startup_hc32f460jeta.o(RESET)
</UL>
<P><STRONG><a name="[b]"></a>SysTick_Handler</STRONG> (Thumb, 2 bytes, Stack size 0 bytes, startup_hc32f460jeta.o(.text))
<BR><BR>[Calls]<UL><LI><a href="#[b]">&gt;&gt;</a>&nbsp;&nbsp;&nbsp;SysTick_Handler
</UL>
<BR>[Called By]<UL><LI><a href="#[b]">&gt;&gt;</a>&nbsp;&nbsp;&nbsp;SysTick_Handler
</UL>
<BR>[Address Reference Count : 1]<UL><LI> startup_hc32f460jeta.o(RESET)
</UL>
<P><STRONG><a name="[c]"></a>IRQ000_Handler</STRONG> (Thumb, 0 bytes, Stack size 0 bytes, startup_hc32f460jeta.o(.text))
<BR><BR>[Calls]<UL><LI><a href="#[c]">&gt;&gt;</a>&nbsp;&nbsp;&nbsp;IRQ000_Handler
</UL>
<BR>[Called By]<UL><LI><a href="#[c]">&gt;&gt;</a>&nbsp;&nbsp;&nbsp;IRQ000_Handler
</UL>
<BR>[Address Reference Count : 1]<UL><LI> startup_hc32f460jeta.o(RESET)
</UL>
<P><STRONG><a name="[d]"></a>IRQ001_Handler</STRONG> (Thumb, 0 bytes, Stack size 0 bytes, startup_hc32f460jeta.o(.text))
<BR>[Address Reference Count : 1]<UL><LI> startup_hc32f460jeta.o(RESET)
</UL>
<P><STRONG><a name="[e]"></a>IRQ002_Handler</STRONG> (Thumb, 0 bytes, Stack size 0 bytes, startup_hc32f460jeta.o(.text))
<BR>[Address Reference Count : 1]<UL><LI> startup_hc32f460jeta.o(RESET)
</UL>
<P><STRONG><a name="[f]"></a>IRQ003_Handler</STRONG> (Thumb, 0 bytes, Stack size 0 bytes, startup_hc32f460jeta.o(.text))
<BR>[Address Reference Count : 1]<UL><LI> startup_hc32f460jeta.o(RESET)
</UL>
<P><STRONG><a name="[10]"></a>IRQ004_Handler</STRONG> (Thumb, 0 bytes, Stack size 0 bytes, startup_hc32f460jeta.o(.text))
<BR>[Address Reference Count : 1]<UL><LI> startup_hc32f460jeta.o(RESET)
</UL>
<P><STRONG><a name="[11]"></a>IRQ005_Handler</STRONG> (Thumb, 0 bytes, Stack size 0 bytes, startup_hc32f460jeta.o(.text))
<BR>[Address Reference Count : 1]<UL><LI> startup_hc32f460jeta.o(RESET)
</UL>
<P><STRONG><a name="[12]"></a>IRQ006_Handler</STRONG> (Thumb, 0 bytes, Stack size 0 bytes, startup_hc32f460jeta.o(.text))
<BR>[Address Reference Count : 1]<UL><LI> startup_hc32f460jeta.o(RESET)
</UL>
<P><STRONG><a name="[13]"></a>IRQ007_Handler</STRONG> (Thumb, 0 bytes, Stack size 0 bytes, startup_hc32f460jeta.o(.text))
<BR>[Address Reference Count : 1]<UL><LI> startup_hc32f460jeta.o(RESET)
</UL>
<P><STRONG><a name="[14]"></a>IRQ008_Handler</STRONG> (Thumb, 0 bytes, Stack size 0 bytes, startup_hc32f460jeta.o(.text))
<BR>[Address Reference Count : 1]<UL><LI> startup_hc32f460jeta.o(RESET)
</UL>
<P><STRONG><a name="[15]"></a>IRQ009_Handler</STRONG> (Thumb, 0 bytes, Stack size 0 bytes, startup_hc32f460jeta.o(.text))
<BR>[Address Reference Count : 1]<UL><LI> startup_hc32f460jeta.o(RESET)
</UL>
<P><STRONG><a name="[16]"></a>IRQ010_Handler</STRONG> (Thumb, 0 bytes, Stack size 0 bytes, startup_hc32f460jeta.o(.text))
<BR>[Address Reference Count : 1]<UL><LI> startup_hc32f460jeta.o(RESET)
</UL>
<P><STRONG><a name="[17]"></a>IRQ011_Handler</STRONG> (Thumb, 0 bytes, Stack size 0 bytes, startup_hc32f460jeta.o(.text))
<BR>[Address Reference Count : 1]<UL><LI> startup_hc32f460jeta.o(RESET)
</UL>
<P><STRONG><a name="[18]"></a>IRQ012_Handler</STRONG> (Thumb, 0 bytes, Stack size 0 bytes, startup_hc32f460jeta.o(.text))
<BR>[Address Reference Count : 1]<UL><LI> startup_hc32f460jeta.o(RESET)
</UL>
<P><STRONG><a name="[19]"></a>IRQ013_Handler</STRONG> (Thumb, 0 bytes, Stack size 0 bytes, startup_hc32f460jeta.o(.text))
<BR>[Address Reference Count : 1]<UL><LI> startup_hc32f460jeta.o(RESET)
</UL>
<P><STRONG><a name="[1a]"></a>IRQ014_Handler</STRONG> (Thumb, 0 bytes, Stack size 0 bytes, startup_hc32f460jeta.o(.text))
<BR>[Address Reference Count : 1]<UL><LI> startup_hc32f460jeta.o(RESET)
</UL>
<P><STRONG><a name="[1b]"></a>IRQ015_Handler</STRONG> (Thumb, 0 bytes, Stack size 0 bytes, startup_hc32f460jeta.o(.text))
<BR>[Address Reference Count : 1]<UL><LI> startup_hc32f460jeta.o(RESET)
</UL>
<P><STRONG><a name="[1c]"></a>IRQ016_Handler</STRONG> (Thumb, 0 bytes, Stack size 0 bytes, startup_hc32f460jeta.o(.text))
<BR>[Address Reference Count : 1]<UL><LI> startup_hc32f460jeta.o(RESET)
</UL>
<P><STRONG><a name="[1d]"></a>IRQ017_Handler</STRONG> (Thumb, 0 bytes, Stack size 0 bytes, startup_hc32f460jeta.o(.text))
<BR>[Address Reference Count : 1]<UL><LI> startup_hc32f460jeta.o(RESET)
</UL>
<P><STRONG><a name="[1e]"></a>IRQ018_Handler</STRONG> (Thumb, 0 bytes, Stack size 0 bytes, startup_hc32f460jeta.o(.text))
<BR>[Address Reference Count : 1]<UL><LI> startup_hc32f460jeta.o(RESET)
</UL>
<P><STRONG><a name="[1f]"></a>IRQ019_Handler</STRONG> (Thumb, 0 bytes, Stack size 0 bytes, startup_hc32f460jeta.o(.text))
<BR>[Address Reference Count : 1]<UL><LI> startup_hc32f460jeta.o(RESET)
</UL>
<P><STRONG><a name="[20]"></a>IRQ020_Handler</STRONG> (Thumb, 0 bytes, Stack size 0 bytes, startup_hc32f460jeta.o(.text))
<BR>[Address Reference Count : 1]<UL><LI> startup_hc32f460jeta.o(RESET)
</UL>
<P><STRONG><a name="[21]"></a>IRQ021_Handler</STRONG> (Thumb, 0 bytes, Stack size 0 bytes, startup_hc32f460jeta.o(.text))
<BR>[Address Reference Count : 1]<UL><LI> startup_hc32f460jeta.o(RESET)
</UL>
<P><STRONG><a name="[22]"></a>IRQ022_Handler</STRONG> (Thumb, 0 bytes, Stack size 0 bytes, startup_hc32f460jeta.o(.text))
<BR>[Address Reference Count : 1]<UL><LI> startup_hc32f460jeta.o(RESET)
</UL>
<P><STRONG><a name="[23]"></a>IRQ023_Handler</STRONG> (Thumb, 0 bytes, Stack size 0 bytes, startup_hc32f460jeta.o(.text))
<BR>[Address Reference Count : 1]<UL><LI> startup_hc32f460jeta.o(RESET)
</UL>
<P><STRONG><a name="[24]"></a>IRQ024_Handler</STRONG> (Thumb, 0 bytes, Stack size 0 bytes, startup_hc32f460jeta.o(.text))
<BR>[Address Reference Count : 1]<UL><LI> startup_hc32f460jeta.o(RESET)
</UL>
<P><STRONG><a name="[25]"></a>IRQ025_Handler</STRONG> (Thumb, 0 bytes, Stack size 0 bytes, startup_hc32f460jeta.o(.text))
<BR>[Address Reference Count : 1]<UL><LI> startup_hc32f460jeta.o(RESET)
</UL>
<P><STRONG><a name="[26]"></a>IRQ026_Handler</STRONG> (Thumb, 0 bytes, Stack size 0 bytes, startup_hc32f460jeta.o(.text))
<BR>[Address Reference Count : 1]<UL><LI> startup_hc32f460jeta.o(RESET)
</UL>
<P><STRONG><a name="[27]"></a>IRQ027_Handler</STRONG> (Thumb, 0 bytes, Stack size 0 bytes, startup_hc32f460jeta.o(.text))
<BR>[Address Reference Count : 1]<UL><LI> startup_hc32f460jeta.o(RESET)
</UL>
<P><STRONG><a name="[28]"></a>IRQ028_Handler</STRONG> (Thumb, 0 bytes, Stack size 0 bytes, startup_hc32f460jeta.o(.text))
<BR>[Address Reference Count : 1]<UL><LI> startup_hc32f460jeta.o(RESET)
</UL>
<P><STRONG><a name="[29]"></a>IRQ029_Handler</STRONG> (Thumb, 0 bytes, Stack size 0 bytes, startup_hc32f460jeta.o(.text))
<BR>[Address Reference Count : 1]<UL><LI> startup_hc32f460jeta.o(RESET)
</UL>
<P><STRONG><a name="[2a]"></a>IRQ030_Handler</STRONG> (Thumb, 0 bytes, Stack size 0 bytes, startup_hc32f460jeta.o(.text))
<BR>[Address Reference Count : 1]<UL><LI> startup_hc32f460jeta.o(RESET)
</UL>
<P><STRONG><a name="[2b]"></a>IRQ031_Handler</STRONG> (Thumb, 0 bytes, Stack size 0 bytes, startup_hc32f460jeta.o(.text))
<BR>[Address Reference Count : 1]<UL><LI> startup_hc32f460jeta.o(RESET)
</UL>
<P><STRONG><a name="[2c]"></a>IRQ032_Handler</STRONG> (Thumb, 0 bytes, Stack size 0 bytes, startup_hc32f460jeta.o(.text))
<BR>[Address Reference Count : 1]<UL><LI> startup_hc32f460jeta.o(RESET)
</UL>
<P><STRONG><a name="[2d]"></a>IRQ033_Handler</STRONG> (Thumb, 0 bytes, Stack size 0 bytes, startup_hc32f460jeta.o(.text))
<BR>[Address Reference Count : 1]<UL><LI> startup_hc32f460jeta.o(RESET)
</UL>
<P><STRONG><a name="[2e]"></a>IRQ034_Handler</STRONG> (Thumb, 0 bytes, Stack size 0 bytes, startup_hc32f460jeta.o(.text))
<BR>[Address Reference Count : 1]<UL><LI> startup_hc32f460jeta.o(RESET)
</UL>
<P><STRONG><a name="[2f]"></a>IRQ035_Handler</STRONG> (Thumb, 0 bytes, Stack size 0 bytes, startup_hc32f460jeta.o(.text))
<BR>[Address Reference Count : 1]<UL><LI> startup_hc32f460jeta.o(RESET)
</UL>
<P><STRONG><a name="[30]"></a>IRQ036_Handler</STRONG> (Thumb, 0 bytes, Stack size 0 bytes, startup_hc32f460jeta.o(.text))
<BR>[Address Reference Count : 1]<UL><LI> startup_hc32f460jeta.o(RESET)
</UL>
<P><STRONG><a name="[31]"></a>IRQ037_Handler</STRONG> (Thumb, 0 bytes, Stack size 0 bytes, startup_hc32f460jeta.o(.text))
<BR>[Address Reference Count : 1]<UL><LI> startup_hc32f460jeta.o(RESET)
</UL>
<P><STRONG><a name="[32]"></a>IRQ038_Handler</STRONG> (Thumb, 0 bytes, Stack size 0 bytes, startup_hc32f460jeta.o(.text))
<BR>[Address Reference Count : 1]<UL><LI> startup_hc32f460jeta.o(RESET)
</UL>
<P><STRONG><a name="[33]"></a>IRQ039_Handler</STRONG> (Thumb, 0 bytes, Stack size 0 bytes, startup_hc32f460jeta.o(.text))
<BR>[Address Reference Count : 1]<UL><LI> startup_hc32f460jeta.o(RESET)
</UL>
<P><STRONG><a name="[34]"></a>IRQ040_Handler</STRONG> (Thumb, 0 bytes, Stack size 0 bytes, startup_hc32f460jeta.o(.text))
<BR>[Address Reference Count : 1]<UL><LI> startup_hc32f460jeta.o(RESET)
</UL>
<P><STRONG><a name="[35]"></a>IRQ041_Handler</STRONG> (Thumb, 0 bytes, Stack size 0 bytes, startup_hc32f460jeta.o(.text))
<BR>[Address Reference Count : 1]<UL><LI> startup_hc32f460jeta.o(RESET)
</UL>
<P><STRONG><a name="[36]"></a>IRQ042_Handler</STRONG> (Thumb, 0 bytes, Stack size 0 bytes, startup_hc32f460jeta.o(.text))
<BR>[Address Reference Count : 1]<UL><LI> startup_hc32f460jeta.o(RESET)
</UL>
<P><STRONG><a name="[37]"></a>IRQ043_Handler</STRONG> (Thumb, 0 bytes, Stack size 0 bytes, startup_hc32f460jeta.o(.text))
<BR>[Address Reference Count : 1]<UL><LI> startup_hc32f460jeta.o(RESET)
</UL>
<P><STRONG><a name="[38]"></a>IRQ044_Handler</STRONG> (Thumb, 0 bytes, Stack size 0 bytes, startup_hc32f460jeta.o(.text))
<BR>[Address Reference Count : 1]<UL><LI> startup_hc32f460jeta.o(RESET)
</UL>
<P><STRONG><a name="[39]"></a>IRQ045_Handler</STRONG> (Thumb, 0 bytes, Stack size 0 bytes, startup_hc32f460jeta.o(.text))
<BR>[Address Reference Count : 1]<UL><LI> startup_hc32f460jeta.o(RESET)
</UL>
<P><STRONG><a name="[3a]"></a>IRQ046_Handler</STRONG> (Thumb, 0 bytes, Stack size 0 bytes, startup_hc32f460jeta.o(.text))
<BR>[Address Reference Count : 1]<UL><LI> startup_hc32f460jeta.o(RESET)
</UL>
<P><STRONG><a name="[3b]"></a>IRQ047_Handler</STRONG> (Thumb, 0 bytes, Stack size 0 bytes, startup_hc32f460jeta.o(.text))
<BR>[Address Reference Count : 1]<UL><LI> startup_hc32f460jeta.o(RESET)
</UL>
<P><STRONG><a name="[3c]"></a>IRQ048_Handler</STRONG> (Thumb, 0 bytes, Stack size 0 bytes, startup_hc32f460jeta.o(.text))
<BR>[Address Reference Count : 1]<UL><LI> startup_hc32f460jeta.o(RESET)
</UL>
<P><STRONG><a name="[3d]"></a>IRQ049_Handler</STRONG> (Thumb, 0 bytes, Stack size 0 bytes, startup_hc32f460jeta.o(.text))
<BR>[Address Reference Count : 1]<UL><LI> startup_hc32f460jeta.o(RESET)
</UL>
<P><STRONG><a name="[3e]"></a>IRQ050_Handler</STRONG> (Thumb, 0 bytes, Stack size 0 bytes, startup_hc32f460jeta.o(.text))
<BR>[Address Reference Count : 1]<UL><LI> startup_hc32f460jeta.o(RESET)
</UL>
<P><STRONG><a name="[3f]"></a>IRQ051_Handler</STRONG> (Thumb, 0 bytes, Stack size 0 bytes, startup_hc32f460jeta.o(.text))
<BR>[Address Reference Count : 1]<UL><LI> startup_hc32f460jeta.o(RESET)
</UL>
<P><STRONG><a name="[40]"></a>IRQ052_Handler</STRONG> (Thumb, 0 bytes, Stack size 0 bytes, startup_hc32f460jeta.o(.text))
<BR>[Address Reference Count : 1]<UL><LI> startup_hc32f460jeta.o(RESET)
</UL>
<P><STRONG><a name="[41]"></a>IRQ053_Handler</STRONG> (Thumb, 0 bytes, Stack size 0 bytes, startup_hc32f460jeta.o(.text))
<BR>[Address Reference Count : 1]<UL><LI> startup_hc32f460jeta.o(RESET)
</UL>
<P><STRONG><a name="[42]"></a>IRQ054_Handler</STRONG> (Thumb, 0 bytes, Stack size 0 bytes, startup_hc32f460jeta.o(.text))
<BR>[Address Reference Count : 1]<UL><LI> startup_hc32f460jeta.o(RESET)
</UL>
<P><STRONG><a name="[43]"></a>IRQ055_Handler</STRONG> (Thumb, 0 bytes, Stack size 0 bytes, startup_hc32f460jeta.o(.text))
<BR>[Address Reference Count : 1]<UL><LI> startup_hc32f460jeta.o(RESET)
</UL>
<P><STRONG><a name="[44]"></a>IRQ056_Handler</STRONG> (Thumb, 0 bytes, Stack size 0 bytes, startup_hc32f460jeta.o(.text))
<BR>[Address Reference Count : 1]<UL><LI> startup_hc32f460jeta.o(RESET)
</UL>
<P><STRONG><a name="[45]"></a>IRQ057_Handler</STRONG> (Thumb, 0 bytes, Stack size 0 bytes, startup_hc32f460jeta.o(.text))
<BR>[Address Reference Count : 1]<UL><LI> startup_hc32f460jeta.o(RESET)
</UL>
<P><STRONG><a name="[46]"></a>IRQ058_Handler</STRONG> (Thumb, 0 bytes, Stack size 0 bytes, startup_hc32f460jeta.o(.text))
<BR>[Address Reference Count : 1]<UL><LI> startup_hc32f460jeta.o(RESET)
</UL>
<P><STRONG><a name="[47]"></a>IRQ059_Handler</STRONG> (Thumb, 0 bytes, Stack size 0 bytes, startup_hc32f460jeta.o(.text))
<BR>[Address Reference Count : 1]<UL><LI> startup_hc32f460jeta.o(RESET)
</UL>
<P><STRONG><a name="[48]"></a>IRQ060_Handler</STRONG> (Thumb, 0 bytes, Stack size 0 bytes, startup_hc32f460jeta.o(.text))
<BR>[Address Reference Count : 1]<UL><LI> startup_hc32f460jeta.o(RESET)
</UL>
<P><STRONG><a name="[49]"></a>IRQ061_Handler</STRONG> (Thumb, 0 bytes, Stack size 0 bytes, startup_hc32f460jeta.o(.text))
<BR>[Address Reference Count : 1]<UL><LI> startup_hc32f460jeta.o(RESET)
</UL>
<P><STRONG><a name="[4a]"></a>IRQ062_Handler</STRONG> (Thumb, 0 bytes, Stack size 0 bytes, startup_hc32f460jeta.o(.text))
<BR>[Address Reference Count : 1]<UL><LI> startup_hc32f460jeta.o(RESET)
</UL>
<P><STRONG><a name="[4b]"></a>IRQ063_Handler</STRONG> (Thumb, 0 bytes, Stack size 0 bytes, startup_hc32f460jeta.o(.text))
<BR>[Address Reference Count : 1]<UL><LI> startup_hc32f460jeta.o(RESET)
</UL>
<P><STRONG><a name="[4c]"></a>IRQ064_Handler</STRONG> (Thumb, 0 bytes, Stack size 0 bytes, startup_hc32f460jeta.o(.text))
<BR>[Address Reference Count : 1]<UL><LI> startup_hc32f460jeta.o(RESET)
</UL>
<P><STRONG><a name="[4d]"></a>IRQ065_Handler</STRONG> (Thumb, 0 bytes, Stack size 0 bytes, startup_hc32f460jeta.o(.text))
<BR>[Address Reference Count : 1]<UL><LI> startup_hc32f460jeta.o(RESET)
</UL>
<P><STRONG><a name="[4e]"></a>IRQ066_Handler</STRONG> (Thumb, 0 bytes, Stack size 0 bytes, startup_hc32f460jeta.o(.text))
<BR>[Address Reference Count : 1]<UL><LI> startup_hc32f460jeta.o(RESET)
</UL>
<P><STRONG><a name="[4f]"></a>IRQ067_Handler</STRONG> (Thumb, 0 bytes, Stack size 0 bytes, startup_hc32f460jeta.o(.text))
<BR>[Address Reference Count : 1]<UL><LI> startup_hc32f460jeta.o(RESET)
</UL>
<P><STRONG><a name="[50]"></a>IRQ068_Handler</STRONG> (Thumb, 0 bytes, Stack size 0 bytes, startup_hc32f460jeta.o(.text))
<BR>[Address Reference Count : 1]<UL><LI> startup_hc32f460jeta.o(RESET)
</UL>
<P><STRONG><a name="[51]"></a>IRQ069_Handler</STRONG> (Thumb, 0 bytes, Stack size 0 bytes, startup_hc32f460jeta.o(.text))
<BR>[Address Reference Count : 1]<UL><LI> startup_hc32f460jeta.o(RESET)
</UL>
<P><STRONG><a name="[52]"></a>IRQ070_Handler</STRONG> (Thumb, 0 bytes, Stack size 0 bytes, startup_hc32f460jeta.o(.text))
<BR>[Address Reference Count : 1]<UL><LI> startup_hc32f460jeta.o(RESET)
</UL>
<P><STRONG><a name="[53]"></a>IRQ071_Handler</STRONG> (Thumb, 0 bytes, Stack size 0 bytes, startup_hc32f460jeta.o(.text))
<BR>[Address Reference Count : 1]<UL><LI> startup_hc32f460jeta.o(RESET)
</UL>
<P><STRONG><a name="[54]"></a>IRQ072_Handler</STRONG> (Thumb, 0 bytes, Stack size 0 bytes, startup_hc32f460jeta.o(.text))
<BR>[Address Reference Count : 1]<UL><LI> startup_hc32f460jeta.o(RESET)
</UL>
<P><STRONG><a name="[55]"></a>IRQ073_Handler</STRONG> (Thumb, 0 bytes, Stack size 0 bytes, startup_hc32f460jeta.o(.text))
<BR>[Address Reference Count : 1]<UL><LI> startup_hc32f460jeta.o(RESET)
</UL>
<P><STRONG><a name="[56]"></a>IRQ074_Handler</STRONG> (Thumb, 0 bytes, Stack size 0 bytes, startup_hc32f460jeta.o(.text))
<BR>[Address Reference Count : 1]<UL><LI> startup_hc32f460jeta.o(RESET)
</UL>
<P><STRONG><a name="[57]"></a>IRQ075_Handler</STRONG> (Thumb, 0 bytes, Stack size 0 bytes, startup_hc32f460jeta.o(.text))
<BR>[Address Reference Count : 1]<UL><LI> startup_hc32f460jeta.o(RESET)
</UL>
<P><STRONG><a name="[58]"></a>IRQ076_Handler</STRONG> (Thumb, 0 bytes, Stack size 0 bytes, startup_hc32f460jeta.o(.text))
<BR>[Address Reference Count : 1]<UL><LI> startup_hc32f460jeta.o(RESET)
</UL>
<P><STRONG><a name="[59]"></a>IRQ077_Handler</STRONG> (Thumb, 0 bytes, Stack size 0 bytes, startup_hc32f460jeta.o(.text))
<BR>[Address Reference Count : 1]<UL><LI> startup_hc32f460jeta.o(RESET)
</UL>
<P><STRONG><a name="[5a]"></a>IRQ078_Handler</STRONG> (Thumb, 0 bytes, Stack size 0 bytes, startup_hc32f460jeta.o(.text))
<BR>[Address Reference Count : 1]<UL><LI> startup_hc32f460jeta.o(RESET)
</UL>
<P><STRONG><a name="[5b]"></a>IRQ079_Handler</STRONG> (Thumb, 0 bytes, Stack size 0 bytes, startup_hc32f460jeta.o(.text))
<BR>[Address Reference Count : 1]<UL><LI> startup_hc32f460jeta.o(RESET)
</UL>
<P><STRONG><a name="[5c]"></a>IRQ080_Handler</STRONG> (Thumb, 0 bytes, Stack size 0 bytes, startup_hc32f460jeta.o(.text))
<BR>[Address Reference Count : 1]<UL><LI> startup_hc32f460jeta.o(RESET)
</UL>
<P><STRONG><a name="[5d]"></a>IRQ081_Handler</STRONG> (Thumb, 0 bytes, Stack size 0 bytes, startup_hc32f460jeta.o(.text))
<BR>[Address Reference Count : 1]<UL><LI> startup_hc32f460jeta.o(RESET)
</UL>
<P><STRONG><a name="[5e]"></a>IRQ082_Handler</STRONG> (Thumb, 0 bytes, Stack size 0 bytes, startup_hc32f460jeta.o(.text))
<BR>[Address Reference Count : 1]<UL><LI> startup_hc32f460jeta.o(RESET)
</UL>
<P><STRONG><a name="[5f]"></a>IRQ083_Handler</STRONG> (Thumb, 0 bytes, Stack size 0 bytes, startup_hc32f460jeta.o(.text))
<BR>[Address Reference Count : 1]<UL><LI> startup_hc32f460jeta.o(RESET)
</UL>
<P><STRONG><a name="[60]"></a>IRQ084_Handler</STRONG> (Thumb, 0 bytes, Stack size 0 bytes, startup_hc32f460jeta.o(.text))
<BR>[Address Reference Count : 1]<UL><LI> startup_hc32f460jeta.o(RESET)
</UL>
<P><STRONG><a name="[61]"></a>IRQ085_Handler</STRONG> (Thumb, 0 bytes, Stack size 0 bytes, startup_hc32f460jeta.o(.text))
<BR>[Address Reference Count : 1]<UL><LI> startup_hc32f460jeta.o(RESET)
</UL>
<P><STRONG><a name="[62]"></a>IRQ086_Handler</STRONG> (Thumb, 0 bytes, Stack size 0 bytes, startup_hc32f460jeta.o(.text))
<BR>[Address Reference Count : 1]<UL><LI> startup_hc32f460jeta.o(RESET)
</UL>
<P><STRONG><a name="[63]"></a>IRQ087_Handler</STRONG> (Thumb, 0 bytes, Stack size 0 bytes, startup_hc32f460jeta.o(.text))
<BR>[Address Reference Count : 1]<UL><LI> startup_hc32f460jeta.o(RESET)
</UL>
<P><STRONG><a name="[64]"></a>IRQ088_Handler</STRONG> (Thumb, 0 bytes, Stack size 0 bytes, startup_hc32f460jeta.o(.text))
<BR>[Address Reference Count : 1]<UL><LI> startup_hc32f460jeta.o(RESET)
</UL>
<P><STRONG><a name="[65]"></a>IRQ089_Handler</STRONG> (Thumb, 0 bytes, Stack size 0 bytes, startup_hc32f460jeta.o(.text))
<BR>[Address Reference Count : 1]<UL><LI> startup_hc32f460jeta.o(RESET)
</UL>
<P><STRONG><a name="[66]"></a>IRQ090_Handler</STRONG> (Thumb, 0 bytes, Stack size 0 bytes, startup_hc32f460jeta.o(.text))
<BR>[Address Reference Count : 1]<UL><LI> startup_hc32f460jeta.o(RESET)
</UL>
<P><STRONG><a name="[67]"></a>IRQ091_Handler</STRONG> (Thumb, 0 bytes, Stack size 0 bytes, startup_hc32f460jeta.o(.text))
<BR>[Address Reference Count : 1]<UL><LI> startup_hc32f460jeta.o(RESET)
</UL>
<P><STRONG><a name="[68]"></a>IRQ092_Handler</STRONG> (Thumb, 0 bytes, Stack size 0 bytes, startup_hc32f460jeta.o(.text))
<BR>[Address Reference Count : 1]<UL><LI> startup_hc32f460jeta.o(RESET)
</UL>
<P><STRONG><a name="[69]"></a>IRQ093_Handler</STRONG> (Thumb, 0 bytes, Stack size 0 bytes, startup_hc32f460jeta.o(.text))
<BR>[Address Reference Count : 1]<UL><LI> startup_hc32f460jeta.o(RESET)
</UL>
<P><STRONG><a name="[6a]"></a>IRQ094_Handler</STRONG> (Thumb, 0 bytes, Stack size 0 bytes, startup_hc32f460jeta.o(.text))
<BR>[Address Reference Count : 1]<UL><LI> startup_hc32f460jeta.o(RESET)
</UL>
<P><STRONG><a name="[6b]"></a>IRQ095_Handler</STRONG> (Thumb, 0 bytes, Stack size 0 bytes, startup_hc32f460jeta.o(.text))
<BR>[Address Reference Count : 1]<UL><LI> startup_hc32f460jeta.o(RESET)
</UL>
<P><STRONG><a name="[6c]"></a>IRQ096_Handler</STRONG> (Thumb, 0 bytes, Stack size 0 bytes, startup_hc32f460jeta.o(.text))
<BR>[Address Reference Count : 1]<UL><LI> startup_hc32f460jeta.o(RESET)
</UL>
<P><STRONG><a name="[6d]"></a>IRQ097_Handler</STRONG> (Thumb, 0 bytes, Stack size 0 bytes, startup_hc32f460jeta.o(.text))
<BR>[Address Reference Count : 1]<UL><LI> startup_hc32f460jeta.o(RESET)
</UL>
<P><STRONG><a name="[6e]"></a>IRQ098_Handler</STRONG> (Thumb, 0 bytes, Stack size 0 bytes, startup_hc32f460jeta.o(.text))
<BR>[Address Reference Count : 1]<UL><LI> startup_hc32f460jeta.o(RESET)
</UL>
<P><STRONG><a name="[6f]"></a>IRQ099_Handler</STRONG> (Thumb, 0 bytes, Stack size 0 bytes, startup_hc32f460jeta.o(.text))
<BR>[Address Reference Count : 1]<UL><LI> startup_hc32f460jeta.o(RESET)
</UL>
<P><STRONG><a name="[70]"></a>IRQ100_Handler</STRONG> (Thumb, 0 bytes, Stack size 0 bytes, startup_hc32f460jeta.o(.text))
<BR>[Address Reference Count : 1]<UL><LI> startup_hc32f460jeta.o(RESET)
</UL>
<P><STRONG><a name="[71]"></a>IRQ101_Handler</STRONG> (Thumb, 0 bytes, Stack size 0 bytes, startup_hc32f460jeta.o(.text))
<BR>[Address Reference Count : 1]<UL><LI> startup_hc32f460jeta.o(RESET)
</UL>
<P><STRONG><a name="[72]"></a>IRQ102_Handler</STRONG> (Thumb, 0 bytes, Stack size 0 bytes, startup_hc32f460jeta.o(.text))
<BR>[Address Reference Count : 1]<UL><LI> startup_hc32f460jeta.o(RESET)
</UL>
<P><STRONG><a name="[73]"></a>IRQ103_Handler</STRONG> (Thumb, 0 bytes, Stack size 0 bytes, startup_hc32f460jeta.o(.text))
<BR>[Address Reference Count : 1]<UL><LI> startup_hc32f460jeta.o(RESET)
</UL>
<P><STRONG><a name="[74]"></a>IRQ104_Handler</STRONG> (Thumb, 0 bytes, Stack size 0 bytes, startup_hc32f460jeta.o(.text))
<BR>[Address Reference Count : 1]<UL><LI> startup_hc32f460jeta.o(RESET)
</UL>
<P><STRONG><a name="[75]"></a>IRQ105_Handler</STRONG> (Thumb, 0 bytes, Stack size 0 bytes, startup_hc32f460jeta.o(.text))
<BR>[Address Reference Count : 1]<UL><LI> startup_hc32f460jeta.o(RESET)
</UL>
<P><STRONG><a name="[76]"></a>IRQ106_Handler</STRONG> (Thumb, 0 bytes, Stack size 0 bytes, startup_hc32f460jeta.o(.text))
<BR>[Address Reference Count : 1]<UL><LI> startup_hc32f460jeta.o(RESET)
</UL>
<P><STRONG><a name="[77]"></a>IRQ107_Handler</STRONG> (Thumb, 0 bytes, Stack size 0 bytes, startup_hc32f460jeta.o(.text))
<BR>[Address Reference Count : 1]<UL><LI> startup_hc32f460jeta.o(RESET)
</UL>
<P><STRONG><a name="[78]"></a>IRQ108_Handler</STRONG> (Thumb, 0 bytes, Stack size 0 bytes, startup_hc32f460jeta.o(.text))
<BR>[Address Reference Count : 1]<UL><LI> startup_hc32f460jeta.o(RESET)
</UL>
<P><STRONG><a name="[79]"></a>IRQ109_Handler</STRONG> (Thumb, 0 bytes, Stack size 0 bytes, startup_hc32f460jeta.o(.text))
<BR>[Address Reference Count : 1]<UL><LI> startup_hc32f460jeta.o(RESET)
</UL>
<P><STRONG><a name="[7a]"></a>IRQ110_Handler</STRONG> (Thumb, 0 bytes, Stack size 0 bytes, startup_hc32f460jeta.o(.text))
<BR>[Address Reference Count : 1]<UL><LI> startup_hc32f460jeta.o(RESET)
</UL>
<P><STRONG><a name="[7b]"></a>IRQ111_Handler</STRONG> (Thumb, 0 bytes, Stack size 0 bytes, startup_hc32f460jeta.o(.text))
<BR>[Address Reference Count : 1]<UL><LI> startup_hc32f460jeta.o(RESET)
</UL>
<P><STRONG><a name="[7c]"></a>IRQ112_Handler</STRONG> (Thumb, 0 bytes, Stack size 0 bytes, startup_hc32f460jeta.o(.text))
<BR>[Address Reference Count : 1]<UL><LI> startup_hc32f460jeta.o(RESET)
</UL>
<P><STRONG><a name="[7d]"></a>IRQ113_Handler</STRONG> (Thumb, 0 bytes, Stack size 0 bytes, startup_hc32f460jeta.o(.text))
<BR>[Address Reference Count : 1]<UL><LI> startup_hc32f460jeta.o(RESET)
</UL>
<P><STRONG><a name="[7e]"></a>IRQ114_Handler</STRONG> (Thumb, 0 bytes, Stack size 0 bytes, startup_hc32f460jeta.o(.text))
<BR>[Address Reference Count : 1]<UL><LI> startup_hc32f460jeta.o(RESET)
</UL>
<P><STRONG><a name="[7f]"></a>IRQ115_Handler</STRONG> (Thumb, 0 bytes, Stack size 0 bytes, startup_hc32f460jeta.o(.text))
<BR>[Address Reference Count : 1]<UL><LI> startup_hc32f460jeta.o(RESET)
</UL>
<P><STRONG><a name="[80]"></a>IRQ116_Handler</STRONG> (Thumb, 0 bytes, Stack size 0 bytes, startup_hc32f460jeta.o(.text))
<BR>[Address Reference Count : 1]<UL><LI> startup_hc32f460jeta.o(RESET)
</UL>
<P><STRONG><a name="[81]"></a>IRQ117_Handler</STRONG> (Thumb, 0 bytes, Stack size 0 bytes, startup_hc32f460jeta.o(.text))
<BR>[Address Reference Count : 1]<UL><LI> startup_hc32f460jeta.o(RESET)
</UL>
<P><STRONG><a name="[82]"></a>IRQ118_Handler</STRONG> (Thumb, 0 bytes, Stack size 0 bytes, startup_hc32f460jeta.o(.text))
<BR>[Address Reference Count : 1]<UL><LI> startup_hc32f460jeta.o(RESET)
</UL>
<P><STRONG><a name="[83]"></a>IRQ119_Handler</STRONG> (Thumb, 0 bytes, Stack size 0 bytes, startup_hc32f460jeta.o(.text))
<BR>[Address Reference Count : 1]<UL><LI> startup_hc32f460jeta.o(RESET)
</UL>
<P><STRONG><a name="[84]"></a>IRQ120_Handler</STRONG> (Thumb, 0 bytes, Stack size 0 bytes, startup_hc32f460jeta.o(.text))
<BR>[Address Reference Count : 1]<UL><LI> startup_hc32f460jeta.o(RESET)
</UL>
<P><STRONG><a name="[85]"></a>IRQ121_Handler</STRONG> (Thumb, 0 bytes, Stack size 0 bytes, startup_hc32f460jeta.o(.text))
<BR>[Address Reference Count : 1]<UL><LI> startup_hc32f460jeta.o(RESET)
</UL>
<P><STRONG><a name="[86]"></a>IRQ122_Handler</STRONG> (Thumb, 0 bytes, Stack size 0 bytes, startup_hc32f460jeta.o(.text))
<BR>[Address Reference Count : 1]<UL><LI> startup_hc32f460jeta.o(RESET)
</UL>
<P><STRONG><a name="[87]"></a>IRQ123_Handler</STRONG> (Thumb, 0 bytes, Stack size 0 bytes, startup_hc32f460jeta.o(.text))
<BR>[Address Reference Count : 1]<UL><LI> startup_hc32f460jeta.o(RESET)
</UL>
<P><STRONG><a name="[88]"></a>IRQ124_Handler</STRONG> (Thumb, 0 bytes, Stack size 0 bytes, startup_hc32f460jeta.o(.text))
<BR>[Address Reference Count : 1]<UL><LI> startup_hc32f460jeta.o(RESET)
</UL>
<P><STRONG><a name="[89]"></a>IRQ125_Handler</STRONG> (Thumb, 0 bytes, Stack size 0 bytes, startup_hc32f460jeta.o(.text))
<BR>[Address Reference Count : 1]<UL><LI> startup_hc32f460jeta.o(RESET)
</UL>
<P><STRONG><a name="[8a]"></a>IRQ126_Handler</STRONG> (Thumb, 0 bytes, Stack size 0 bytes, startup_hc32f460jeta.o(.text))
<BR>[Address Reference Count : 1]<UL><LI> startup_hc32f460jeta.o(RESET)
</UL>
<P><STRONG><a name="[8b]"></a>IRQ127_Handler</STRONG> (Thumb, 0 bytes, Stack size 0 bytes, startup_hc32f460jeta.o(.text))
<BR>[Address Reference Count : 1]<UL><LI> startup_hc32f460jeta.o(RESET)
</UL>
<P><STRONG><a name="[8c]"></a>IRQ128_Handler</STRONG> (Thumb, 0 bytes, Stack size 0 bytes, startup_hc32f460jeta.o(.text))
<BR>[Address Reference Count : 1]<UL><LI> startup_hc32f460jeta.o(RESET)
</UL>
<P><STRONG><a name="[8d]"></a>IRQ129_Handler</STRONG> (Thumb, 0 bytes, Stack size 0 bytes, startup_hc32f460jeta.o(.text))
<BR>[Address Reference Count : 1]<UL><LI> startup_hc32f460jeta.o(RESET)
</UL>
<P><STRONG><a name="[8e]"></a>IRQ130_Handler</STRONG> (Thumb, 0 bytes, Stack size 0 bytes, startup_hc32f460jeta.o(.text))
<BR>[Address Reference Count : 1]<UL><LI> startup_hc32f460jeta.o(RESET)
</UL>
<P><STRONG><a name="[8f]"></a>IRQ131_Handler</STRONG> (Thumb, 0 bytes, Stack size 0 bytes, startup_hc32f460jeta.o(.text))
<BR>[Address Reference Count : 1]<UL><LI> startup_hc32f460jeta.o(RESET)
</UL>
<P><STRONG><a name="[90]"></a>IRQ132_Handler</STRONG> (Thumb, 0 bytes, Stack size 0 bytes, startup_hc32f460jeta.o(.text))
<BR>[Address Reference Count : 1]<UL><LI> startup_hc32f460jeta.o(RESET)
</UL>
<P><STRONG><a name="[91]"></a>IRQ133_Handler</STRONG> (Thumb, 0 bytes, Stack size 0 bytes, startup_hc32f460jeta.o(.text))
<BR>[Address Reference Count : 1]<UL><LI> startup_hc32f460jeta.o(RESET)
</UL>
<P><STRONG><a name="[92]"></a>IRQ134_Handler</STRONG> (Thumb, 0 bytes, Stack size 0 bytes, startup_hc32f460jeta.o(.text))
<BR>[Address Reference Count : 1]<UL><LI> startup_hc32f460jeta.o(RESET)
</UL>
<P><STRONG><a name="[93]"></a>IRQ135_Handler</STRONG> (Thumb, 0 bytes, Stack size 0 bytes, startup_hc32f460jeta.o(.text))
<BR>[Address Reference Count : 1]<UL><LI> startup_hc32f460jeta.o(RESET)
</UL>
<P><STRONG><a name="[94]"></a>IRQ136_Handler</STRONG> (Thumb, 0 bytes, Stack size 0 bytes, startup_hc32f460jeta.o(.text))
<BR>[Address Reference Count : 1]<UL><LI> startup_hc32f460jeta.o(RESET)
</UL>
<P><STRONG><a name="[95]"></a>IRQ137_Handler</STRONG> (Thumb, 0 bytes, Stack size 0 bytes, startup_hc32f460jeta.o(.text))
<BR>[Address Reference Count : 1]<UL><LI> startup_hc32f460jeta.o(RESET)
</UL>
<P><STRONG><a name="[96]"></a>IRQ138_Handler</STRONG> (Thumb, 0 bytes, Stack size 0 bytes, startup_hc32f460jeta.o(.text))
<BR>[Address Reference Count : 1]<UL><LI> startup_hc32f460jeta.o(RESET)
</UL>
<P><STRONG><a name="[97]"></a>IRQ139_Handler</STRONG> (Thumb, 0 bytes, Stack size 0 bytes, startup_hc32f460jeta.o(.text))
<BR>[Address Reference Count : 1]<UL><LI> startup_hc32f460jeta.o(RESET)
</UL>
<P><STRONG><a name="[98]"></a>IRQ140_Handler</STRONG> (Thumb, 0 bytes, Stack size 0 bytes, startup_hc32f460jeta.o(.text))
<BR>[Address Reference Count : 1]<UL><LI> startup_hc32f460jeta.o(RESET)
</UL>
<P><STRONG><a name="[99]"></a>IRQ141_Handler</STRONG> (Thumb, 0 bytes, Stack size 0 bytes, startup_hc32f460jeta.o(.text))
<BR>[Address Reference Count : 1]<UL><LI> startup_hc32f460jeta.o(RESET)
</UL>
<P><STRONG><a name="[9a]"></a>IRQ142_Handler</STRONG> (Thumb, 0 bytes, Stack size 0 bytes, startup_hc32f460jeta.o(.text))
<BR>[Address Reference Count : 1]<UL><LI> startup_hc32f460jeta.o(RESET)
</UL>
<P><STRONG><a name="[9b]"></a>IRQ143_Handler</STRONG> (Thumb, 0 bytes, Stack size 0 bytes, startup_hc32f460jeta.o(.text))
<BR>[Address Reference Count : 1]<UL><LI> startup_hc32f460jeta.o(RESET)
</UL>
<P><STRONG><a name="[b1]"></a>__user_initial_stackheap</STRONG> (Thumb, 10 bytes, Stack size 0 bytes, startup_hc32f460jeta.o(.text))
<BR><BR>[Called By]<UL><LI><a href="#[a6]">&gt;&gt;</a>&nbsp;&nbsp;&nbsp;__user_setup_stackheap
</UL>

<P><STRONG><a name="[d6]"></a>__use_two_region_memory</STRONG> (Thumb, 2 bytes, Stack size 0 bytes, heapauxi.o(.text), UNUSED)

<P><STRONG><a name="[d7]"></a>__rt_heap_escrow$2region</STRONG> (Thumb, 2 bytes, Stack size 0 bytes, heapauxi.o(.text), UNUSED)

<P><STRONG><a name="[d8]"></a>__rt_heap_expand$2region</STRONG> (Thumb, 2 bytes, Stack size 0 bytes, heapauxi.o(.text), UNUSED)

<P><STRONG><a name="[a6]"></a>__user_setup_stackheap</STRONG> (Thumb, 74 bytes, Stack size 8 bytes, sys_stackheap_outer.o(.text))
<BR><BR>[Stack]<UL><LI>Max Depth = 8<LI>Call Chain = __user_setup_stackheap
</UL>
<BR>[Calls]<UL><LI><a href="#[b0]">&gt;&gt;</a>&nbsp;&nbsp;&nbsp;__user_perproc_libspace
<LI><a href="#[b1]">&gt;&gt;</a>&nbsp;&nbsp;&nbsp;__user_initial_stackheap
</UL>
<BR>[Called By]<UL><LI><a href="#[a5]">&gt;&gt;</a>&nbsp;&nbsp;&nbsp;__rt_entry_sh
</UL>

<P><STRONG><a name="[ab]"></a>exit</STRONG> (Thumb, 18 bytes, Stack size 8 bytes, exit.o(.text))
<BR><BR>[Stack]<UL><LI>Max Depth = 8 + Unknown Stack Size
<LI>Call Chain = exit
</UL>
<BR>[Calls]<UL><LI><a href="#[b2]">&gt;&gt;</a>&nbsp;&nbsp;&nbsp;__rt_exit
</UL>
<BR>[Called By]<UL><LI><a href="#[a9]">&gt;&gt;</a>&nbsp;&nbsp;&nbsp;__rt_entry_main
</UL>

<P><STRONG><a name="[d9]"></a>__user_libspace</STRONG> (Thumb, 8 bytes, Stack size 0 bytes, libspace.o(.text), UNUSED)

<P><STRONG><a name="[b0]"></a>__user_perproc_libspace</STRONG> (Thumb, 0 bytes, Stack size 0 bytes, libspace.o(.text))
<BR><BR>[Called By]<UL><LI><a href="#[a6]">&gt;&gt;</a>&nbsp;&nbsp;&nbsp;__user_setup_stackheap
</UL>

<P><STRONG><a name="[da]"></a>__user_perthread_libspace</STRONG> (Thumb, 0 bytes, Stack size 0 bytes, libspace.o(.text), UNUSED)

<P><STRONG><a name="[af]"></a>_sys_exit</STRONG> (Thumb, 8 bytes, Stack size 0 bytes, sys_exit.o(.text))
<BR><BR>[Called By]<UL><LI><a href="#[ae]">&gt;&gt;</a>&nbsp;&nbsp;&nbsp;__rt_exit_exit
</UL>

<P><STRONG><a name="[db]"></a>__I$use$semihosting</STRONG> (Thumb, 0 bytes, Stack size 0 bytes, use_no_semi.o(.text), UNUSED)

<P><STRONG><a name="[dc]"></a>__use_no_semihosting_swi</STRONG> (Thumb, 2 bytes, Stack size 0 bytes, use_no_semi.o(.text), UNUSED)

<P><STRONG><a name="[dd]"></a>__semihosting_library_function</STRONG> (Thumb, 0 bytes, Stack size unknown bytes, indicate_semi.o(.text), UNUSED)

<P><STRONG><a name="[b3]"></a>SystemCoreClockUpdate</STRONG> (Thumb, 206 bytes, Stack size 16 bytes, system_hc32f460.o(i.SystemCoreClockUpdate))
<BR><BR>[Stack]<UL><LI>Max Depth = 16<LI>Call Chain = SystemCoreClockUpdate
</UL>
<BR>[Called By]<UL><LI><a href="#[9c]">&gt;&gt;</a>&nbsp;&nbsp;&nbsp;SystemInit
</UL>

<P><STRONG><a name="[9c]"></a>SystemInit</STRONG> (Thumb, 20 bytes, Stack size 4 bytes, system_hc32f460.o(i.SystemInit))
<BR><BR>[Stack]<UL><LI>Max Depth = 20<LI>Call Chain = SystemInit &rArr; SystemCoreClockUpdate
</UL>
<BR>[Calls]<UL><LI><a href="#[b3]">&gt;&gt;</a>&nbsp;&nbsp;&nbsp;SystemCoreClockUpdate
</UL>
<BR>[Address Reference Count : 1]<UL><LI> startup_hc32f460jeta.o(.text)
</UL>
<P><STRONG><a name="[aa]"></a>main</STRONG> (Thumb, 4 bytes, Stack size 0 bytes, main.o(i.main))
<BR><BR>[Called By]<UL><LI><a href="#[a9]">&gt;&gt;</a>&nbsp;&nbsp;&nbsp;__rt_entry_main
</UL>

<P><STRONG><a name="[a4]"></a>_fp_init</STRONG> (Thumb, 10 bytes, Stack size 0 bytes, fpinit.o(x$fpl$fpinit))
<BR><BR>[Called By]<UL><LI><a href="#[a3]">&gt;&gt;</a>&nbsp;&nbsp;&nbsp;__rt_lib_init_fp_1
</UL>

<P><STRONG><a name="[de]"></a>__fplib_config_fpu_vfp</STRONG> (Thumb, 0 bytes, Stack size unknown bytes, fpinit.o(x$fpl$fpinit), UNUSED)

<P><STRONG><a name="[df]"></a>__fplib_config_pureend_doubles</STRONG> (Thumb, 0 bytes, Stack size unknown bytes, fpinit.o(x$fpl$fpinit), UNUSED)
<P>
<H3>
Local Symbols
</H3><P>
<H3>
Undefined Global Symbols
</H3><HR></body></html>
